Component: ARM Compiler 5.06 update 5 (build 528) Tool: armlink [4d35e2]

==============================================================================

Section Cross References

    startup_stm32f103xb.o(STACK) refers (Special) to heapauxi.o(.text) for __use_two_region_memory
    startup_stm32f103xb.o(HEAP) refers (Special) to heapauxi.o(.text) for __use_two_region_memory
    startup_stm32f103xb.o(RESET) refers (Special) to heapauxi.o(.text) for __use_two_region_memory
    startup_stm32f103xb.o(RESET) refers to startup_stm32f103xb.o(STACK) for __initial_sp
    startup_stm32f103xb.o(RESET) refers to startup_stm32f103xb.o(.text) for Reset_Handler
    startup_stm32f103xb.o(RESET) refers to stm32f1xx_it.o(i.NMI_Handler) for NMI_Handler
    startup_stm32f103xb.o(RESET) refers to stm32f1xx_it.o(i.HardFault_Handler) for HardFault_Handler
    startup_stm32f103xb.o(RESET) refers to stm32f1xx_it.o(i.MemManage_Handler) for MemManage_Handler
    startup_stm32f103xb.o(RESET) refers to stm32f1xx_it.o(i.BusFault_Handler) for BusFault_Handler
    startup_stm32f103xb.o(RESET) refers to stm32f1xx_it.o(i.UsageFault_Handler) for UsageFault_Handler
    startup_stm32f103xb.o(RESET) refers to stm32f1xx_it.o(i.SVC_Handler) for SVC_Handler
    startup_stm32f103xb.o(RESET) refers to stm32f1xx_it.o(i.DebugMon_Handler) for DebugMon_Handler
    startup_stm32f103xb.o(RESET) refers to stm32f1xx_it.o(i.PendSV_Handler) for PendSV_Handler
    startup_stm32f103xb.o(RESET) refers to stm32f1xx_it.o(i.SysTick_Handler) for SysTick_Handler
    startup_stm32f103xb.o(RESET) refers to main.o(i.EXTI1_IRQHandler) for EXTI1_IRQHandler
    startup_stm32f103xb.o(RESET) refers to stm32f1xx_it.o(i.DMA1_Channel4_IRQHandler) for DMA1_Channel4_IRQHandler
    startup_stm32f103xb.o(RESET) refers to stm32f1xx_it.o(i.DMA1_Channel5_IRQHandler) for DMA1_Channel5_IRQHandler
    startup_stm32f103xb.o(RESET) refers to stm32f1xx_it.o(i.DMA1_Channel6_IRQHandler) for DMA1_Channel6_IRQHandler
    startup_stm32f103xb.o(RESET) refers to stm32f1xx_it.o(i.DMA1_Channel7_IRQHandler) for DMA1_Channel7_IRQHandler
    startup_stm32f103xb.o(RESET) refers to main.o(i.EXTI9_5_IRQHandler) for EXTI9_5_IRQHandler
    startup_stm32f103xb.o(RESET) refers to stm32f1xx_it.o(i.TIM3_IRQHandler) for TIM3_IRQHandler
    startup_stm32f103xb.o(RESET) refers to stm32f1xx_it.o(i.I2C1_EV_IRQHandler) for I2C1_EV_IRQHandler
    startup_stm32f103xb.o(RESET) refers to stm32f1xx_it.o(i.I2C1_ER_IRQHandler) for I2C1_ER_IRQHandler
    startup_stm32f103xb.o(RESET) refers to stm32f1xx_it.o(i.USART1_IRQHandler) for USART1_IRQHandler
    startup_stm32f103xb.o(RESET) refers to stm32f1xx_it.o(i.USART2_IRQHandler) for USART2_IRQHandler
    startup_stm32f103xb.o(.text) refers (Special) to heapauxi.o(.text) for __use_two_region_memory
    startup_stm32f103xb.o(.text) refers to system_stm32f1xx.o(i.SystemInit) for SystemInit
    startup_stm32f103xb.o(.text) refers to __main.o(!!!main) for __main
    startup_stm32f103xb.o(.text) refers to startup_stm32f103xb.o(HEAP) for Heap_Mem
    startup_stm32f103xb.o(.text) refers to startup_stm32f103xb.o(STACK) for Stack_Mem
    main.o(i.EXTI1_IRQHandler) refers to stm32f1xx_hal_gpio.o(i.HAL_GPIO_EXTI_IRQHandler) for HAL_GPIO_EXTI_IRQHandler
    main.o(i.EXTI9_5_IRQHandler) refers to stm32f1xx_hal_gpio.o(i.HAL_GPIO_EXTI_IRQHandler) for HAL_GPIO_EXTI_IRQHandler
    main.o(i.HAL_GPIO_EXTI_Callback) refers to stm32f1xx_hal.o(i.HAL_GetTick) for HAL_GetTick
    main.o(i.HAL_GPIO_EXTI_Callback) refers to main.o(i.Motor_Set) for Motor_Set
    main.o(i.HAL_GPIO_EXTI_Callback) refers to main.o(i.Send_DeviceState) for Send_DeviceState
    main.o(i.HAL_GPIO_EXTI_Callback) refers to main.o(i.RGB_SetColor) for RGB_SetColor
    main.o(i.HAL_GPIO_EXTI_Callback) refers to main.o(.data) for .data
    main.o(i.HAL_UARTEx_RxEventCallback) refers to main.o(.data) for .data
    main.o(i.HTS221_Init) refers to stm32f1xx_hal_i2c.o(i.HAL_I2C_Mem_Read) for HAL_I2C_Mem_Read
    main.o(i.HTS221_Init) refers to stm32f1xx_hal_i2c.o(i.HAL_I2C_Mem_Write) for HAL_I2C_Mem_Write
    main.o(i.HTS221_Init) refers to stm32f1xx_hal.o(i.HAL_Delay) for HAL_Delay
    main.o(i.HTS221_Init) refers to i2c.o(.bss) for hi2c1
    main.o(i.HTS221_Init) refers to main.o(.data) for .data
    main.o(i.HTS221_Read) refers to stm32f1xx_hal_i2c.o(i.HAL_I2C_Mem_Read) for HAL_I2C_Mem_Read
    main.o(i.HTS221_Read) refers to fflt_clz.o(x$fpl$fflt) for __aeabi_i2f
    main.o(i.HTS221_Read) refers to fdiv.o(x$fpl$fdiv) for __aeabi_fdiv
    main.o(i.HTS221_Read) refers to fmul.o(x$fpl$fmul) for __aeabi_fmul
    main.o(i.HTS221_Read) refers to faddsub_clz.o(x$fpl$fadd) for __aeabi_fadd
    main.o(i.HTS221_Read) refers to main.o(.data) for .data
    main.o(i.HTS221_Read) refers to i2c.o(.bss) for hi2c1
    main.o(i.Key1_Pressed) refers to stm32f1xx_hal_gpio.o(i.HAL_GPIO_ReadPin) for HAL_GPIO_ReadPin
    main.o(i.Key1_Pressed) refers to stm32f1xx_hal.o(i.HAL_GetTick) for HAL_GetTick
[...]
    .ARM.Collect$$rtexit$$00000004           0x08000180   Section        6  rtexit2.o(.ARM.Collect$$rtexit$$00000004)
    .text                                    0x08000188   Section       64  startup_stm32f103xb.o(.text)
    .text                                    0x080001c8   Section      138  rt_memcpy_v6.o(.text)
    .text                                    0x08000252   Section      132  rt_memmove_v6.o(.text)
    .text                                    0x080002d6   Section       78  rt_memclr_w.o(.text)
    .text                                    0x08000324   Section        0  heapauxi.o(.text)
    .text                                    0x0800032a   Section      100  rt_memcpy_w.o(.text)
    .text                                    0x0800038e   Section      122  rt_memmove_w.o(.text)
    .text                                    0x08000408   Section       74  sys_stackheap_outer.o(.text)
    .text                                    0x08000452   Section        0  exit.o(.text)
    .text                                    0x08000464   Section        8  libspace.o(.text)
    .text                                    0x0800046c   Section        0  sys_exit.o(.text)
    .text                                    0x08000478   Section        2  use_no_semi.o(.text)
    .text                                    0x0800047a   Section        0  indicate_semi.o(.text)
    i.BusFault_Handler                       0x0800047a   Section        0  stm32f1xx_it.o(i.BusFault_Handler)
    i.DMA1_Channel4_IRQHandler               0x0800047c   Section        0  stm32f1xx_it.o(i.DMA1_Channel4_IRQHandler)
    i.DMA1_Channel5_IRQHandler               0x08000488   Section        0  stm32f1xx_it.o(i.DMA1_Channel5_IRQHandler)
    i.DMA1_Channel6_IRQHandler               0x08000494   Section        0  stm32f1xx_it.o(i.DMA1_Channel6_IRQHandler)
    i.DMA1_Channel7_IRQHandler               0x080004a0   Section        0  stm32f1xx_it.o(i.DMA1_Channel7_IRQHandler)
    i.DMA_SetConfig                          0x080004ac   Section        0  stm32f1xx_hal_dma.o(i.DMA_SetConfig)
    DMA_SetConfig                            0x080004ad   Thumb Code    42  stm32f1xx_hal_dma.o(i.DMA_SetConfig)
    i.DebugMon_Handler                       0x080004d6   Section        0  stm32f1xx_it.o(i.DebugMon_Handler)
    i.EXTI1_IRQHandler                       0x080004d8   Section        0  main.o(i.EXTI1_IRQHandler)
    i.EXTI9_5_IRQHandler                     0x080004de   Section        0  main.o(i.EXTI9_5_IRQHandler)
    i.Error_Handler                          0x080004e4   Section        0  main.o(i.Error_Handler)
    i.HAL_DMA_Abort                          0x080004e8   Section        0  stm32f1xx_hal_dma.o(i.HAL_DMA_Abort)
    i.HAL_DMA_Abort_IT                       0x08000530   Section        0  stm32f1xx_hal_dma.o(i.HAL_DMA_Abort_IT)
    i.HAL_DMA_GetState                       0x080005c8   Section        0  stm32f1xx_hal_dma.o(i.HAL_DMA_GetState)
    i.HAL_DMA_IRQHandler                     0x080005d0   Section        0  stm32f1xx_hal_dma.o(i.HAL_DMA_IRQHandler)
    i.HAL_DMA_Init                           0x08000724   Section        0  stm32f1xx_hal_dma.o(i.HAL_DMA_Init)
    i.HAL_DMA_Start_IT                       0x08000780   Section        0  stm32f1xx_hal_dma.o(i.HAL_DMA_Start_IT)
    i.HAL_Delay                              0x080007f0   Section        0  stm32f1xx_hal.o(i.HAL_Delay)
    i.HAL_GPIO_EXTI_Callback                 0x08000814   Section        0  main.o(i.HAL_GPIO_EXTI_Callback)
    i.HAL_GPIO_EXTI_IRQHandler               0x08000870   Section        0  stm32f1xx_hal_gpio.o(i.HAL_GPIO_EXTI_IRQHandler)
    i.HAL_GPIO_Init                          0x08000888   Section        0  stm32f1xx_hal_gpio.o(i.HAL_GPIO_Init)
    i.HAL_GPIO_ReadPin                       0x08000a68   Section        0  stm32f1xx_hal_gpio.o(i.HAL_GPIO_ReadPin)
    i.HAL_GPIO_WritePin                      0x08000a72   Section        0  stm32f1xx_hal_gpio.o(i.HAL_GPIO_WritePin)
    i.HAL_GetTick                            0x08000a7c   Section        0  stm32f1xx_hal.o(i.HAL_GetTick)
    i.HAL_I2C_AbortCpltCallback              0x08000a88   Section        0  stm32f1xx_hal_i2c.o(i.HAL_I2C_AbortCpltCallback)
    i.HAL_I2C_AddrCallback                   0x08000a8a   Section        0  stm32f1xx_hal_i2c.o(i.HAL_I2C_AddrCallback)
    i.HAL_I2C_ER_IRQHandler                  0x08000a8c   Section        0  stm32f1xx_hal_i2c.o(i.HAL_I2C_ER_IRQHandler)
    i.HAL_I2C_EV_IRQHandler                  0x08000b50   Section        0  stm32f1xx_hal_i2c.o(i.HAL_I2C_EV_IRQHandler)
    i.HAL_I2C_ErrorCallback                  0x08000d80   Section        0  stm32f1xx_hal_i2c.o(i.HAL_I2C_ErrorCallback)
    i.HAL_I2C_Init                           0x08000d84   Section        0  stm32f1xx_hal_i2c.o(i.HAL_I2C_Init)
    i.HAL_I2C_ListenCpltCallback             0x08000f0c   Section        0  stm32f1xx_hal_i2c.o(i.HAL_I2C_ListenCpltCallback)
    i.HAL_I2C_MasterRxCpltCallback           0x08000f0e   Section        0  stm32f1xx_hal_i2c.o(i.HAL_I2C_MasterRxCpltCallback)
    i.HAL_I2C_MasterTxCpltCallback           0x08000f10   Section        0  stm32f1xx_hal_i2c.o(i.HAL_I2C_MasterTxCpltCallback)
    i.HAL_I2C_MemRxCpltCallback              0x08000f12   Section        0  stm32f1xx_hal_i2c.o(i.HAL_I2C_MemRxCpltCallback)
    i.HAL_I2C_MemTxCpltCallback              0x08000f14   Section        0  stm32f1xx_hal_i2c.o(i.HAL_I2C_MemTxCpltCallback)
    i.HAL_I2C_Mem_Read                       0x08000f18   Section        0  stm32f1xx_hal_i2c.o(i.HAL_I2C_Mem_Read)
    i.HAL_I2C_Mem_Write                      0x08001174   Section        0  stm32f1xx_hal_i2c.o(i.HAL_I2C_Mem_Write)
    i.HAL_I2C_MspInit                        0x080012a4   Section        0  i2c.o(i.HAL_I2C_MspInit)
    i.HAL_I2C_SlaveRxCpltCallback            0x08001320   Section        0  stm32f1xx_hal_i2c.o(i.HAL_I2C_SlaveRxCpltCallback)
    i.HAL_I2C_SlaveTxCpltCallback            0x08001322   Section        0  stm32f1xx_hal_i2c.o(i.HAL_I2C_SlaveTxCpltCallback)
    i.HAL_IncTick                            0x08001324   Section        0  stm32f1xx_hal.o(i.HAL_IncTick)
    i.HAL_Init                               0x08001334   Section        0  stm32f1xx_hal.o(i.HAL_Init)
    i.HAL_InitTick                           0x08001358   Section        0  stm32f1xx_hal.o(i.HAL_InitTick)
    i.HAL_MspInit                            0x08001398   Section        0  stm32f1xx_hal_msp.o(i.HAL_MspInit)
    i.HAL_NVIC_EnableIRQ                     0x080013d4   Section        0  stm32f1xx_hal_cortex.o(i.HAL_NVIC_EnableIRQ)
    i.HAL_NVIC_SetPriority                   0x080013f0   Section        0  stm32f1xx_hal_cortex.o(i.HAL_NVIC_SetPriority)
    i.HAL_NVIC_SetPriorityGrouping           0x08001430   Section        0  stm32f1xx_hal_cortex.o(i.HAL_NVIC_SetPriorityGrouping)
    i.HAL_RCC_ClockConfig                    0x08001454   Section        0  stm32f1xx_hal_rcc.o(i.HAL_RCC_ClockConfig)
    i.HAL_RCC_GetPCLK1Freq                   0x08001580   Section        0  stm32f1xx_hal_rcc.o(i.HAL_RCC_GetPCLK1Freq)
    i.HAL_RCC_GetPCLK2Freq                   0x080015a0   Section        0  stm32f1xx_hal_rcc.o(i.HAL_RCC_GetPCLK2Freq)
    i.HAL_RCC_GetSysClockFreq                0x080015c0   Section        0  stm32f1xx_hal_rcc.o(i.HAL_RCC_GetSysClockFreq)
    i.HAL_RCC_OscConfig                      0x0800160c   Section        0  stm32f1xx_hal_rcc.o(i.HAL_RCC_OscConfig)
    i.HAL_SYSTICK_Config                     0x0800192c   Section        0  stm32f1xx_hal_cortex.o(i.HAL_SYSTICK_Config)
    i.HAL_TIMEx_BreakCallback                0x08001954   Section        0  stm32f1xx_hal_tim_ex.o(i.HAL_TIMEx_BreakCallback)
    i.HAL_TIMEx_CommutCallback               0x08001956   Section        0  stm32f1xx_hal_tim_ex.o(i.HAL_TIMEx_CommutCallback)
    i.HAL_TIMEx_MasterConfigSynchronization  0x08001958   Section        0  stm32f1xx_hal_tim_ex.o(i.HAL_TIMEx_MasterConfigSynchronization)
    i.HAL_TIM_Base_Init                      0x080019c0   Section        0  stm32f1xx_hal_tim.o(i.HAL_TIM_Base_Init)
    i.HAL_TIM_Base_MspInit                   0x08001a1c   Section        0  tim.o(i.HAL_TIM_Base_MspInit)
    i.HAL_TIM_ConfigClockSource              0x08001a44   Section        0  stm32f1xx_hal_tim.o(i.HAL_TIM_ConfigClockSource)
    i.HAL_TIM_IC_CaptureCallback             0x08001b20   Section        0  stm32f1xx_hal_tim.o(i.HAL_TIM_IC_CaptureCallback)
    i.HAL_TIM_IRQHandler                     0x08001b22   Section        0  stm32f1xx_hal_tim.o(i.HAL_TIM_IRQHandler)
    i.HAL_TIM_MspPostInit                    0x08001c54   Section        0  tim.o(i.HAL_TIM_MspPostInit)
    i.HAL_TIM_OC_DelayElapsedCallback        0x08001ca0   Section        0  stm32f1xx_hal_tim.o(i.HAL_TIM_OC_DelayElapsedCallback)
    i.HAL_TIM_PWM_ConfigChannel              0x08001ca2   Section        0  stm32f1xx_hal_tim.o(i.HAL_TIM_PWM_ConfigChannel)
    i.HAL_TIM_PWM_Init                       0x08001d6e   Section        0  stm32f1xx_hal_tim.o(i.HAL_TIM_PWM_Init)
    i.HAL_TIM_PWM_MspInit                    0x08001dc8   Section        0  tim.o(i.HAL_TIM_PWM_MspInit)
    i.HAL_TIM_PWM_PulseFinishedCallback      0x08001e04   Section        0  stm32f1xx_hal_tim.o(i.HAL_TIM_PWM_PulseFinishedCallback)
    i.HAL_TIM_PWM_Start                      0x08001e08   Section        0  stm32f1xx_hal_tim.o(i.HAL_TIM_PWM_Start)
    i.HAL_TIM_PeriodElapsedCallback          0x08001ea4   Section        0  stm32f1xx_hal_tim.o(i.HAL_TIM_PeriodElapsedCallback)
    i.HAL_TIM_TriggerCallback                0x08001ea6   Section        0  stm32f1xx_hal_tim.o(i.HAL_TIM_TriggerCallback)
    i.HAL_UARTEx_ReceiveToIdle_DMA           0x08001ea8   Section        0  stm32f1xx_hal_uart.o(i.HAL_UARTEx_ReceiveToIdle_DMA)
    i.HAL_UARTEx_RxEventCallback             0x08001ef4   Section        0  main.o(i.HAL_UARTEx_RxEventCallback)
    i.HAL_UART_DMAStop                       0x08001f20   Section        0  stm32f1xx_hal_uart.o(i.HAL_UART_DMAStop)
    i.HAL_UART_ErrorCallback                 0x08001f90   Section        0  stm32f1xx_hal_uart.o(i.HAL_UART_ErrorCallback)
    i.HAL_UART_IRQHandler                    0x08001f94   Section        0  stm32f1xx_hal_uart.o(i.HAL_UART_IRQHandler)
    i.HAL_UART_Init                          0x08002200   Section        0  stm32f1xx_hal_uart.o(i.HAL_UART_Init)
    i.HAL_UART_MspInit                       0x08002264   Section        0  usart.o(i.HAL_UART_MspInit)
    i.HAL_UART_RxCpltCallback                0x080023f0   Section        0  stm32f1xx_hal_uart.o(i.HAL_UART_RxCpltCallback)
    i.HAL_UART_RxHalfCpltCallback            0x080023f2   Section        0  stm32f1xx_hal_uart.o(i.HAL_UART_RxHalfCpltCallback)
    i.HAL_UART_Transmit                      0x080023f4   Section        0  stm32f1xx_hal_uart.o(i.HAL_UART_Transmit)
    i.HAL_UART_TxCpltCallback                0x08002494   Section        0  stm32f1xx_hal_uart.o(i.HAL_UART_TxCpltCallback)
    i.HTS221_Init                            0x08002498   Section        0  main.o(i.HTS221_Init)
    i.HTS221_Read                            0x08002568   Section        0  main.o(i.HTS221_Read)
    i.HardFault_Handler                      0x08002650   Section        0  stm32f1xx_it.o(i.HardFault_Handler)
    i.I2C1_ER_IRQHandler                     0x08002654   Section        0  stm32f1xx_it.o(i.I2C1_ER_IRQHandler)
    i.I2C1_EV_IRQHandler                     0x08002660   Section        0  stm32f1xx_it.o(i.I2C1_EV_IRQHandler)
    i.I2C_DMAAbort                           0x0800266c   Section        0  stm32f1xx_hal_i2c.o(i.I2C_DMAAbort)
    I2C_DMAAbort                             0x0800266d   Thumb Code   182  stm32f1xx_hal_i2c.o(i.I2C_DMAAbort)
    i.I2C_Flush_DR                           0x08002728   Section        0  stm32f1xx_hal_i2c.o(i.I2C_Flush_DR)
    I2C_Flush_DR                             0x08002729   Thumb Code    16  stm32f1xx_hal_i2c.o(i.I2C_Flush_DR)
    i.I2C_ITError                            0x08002738   Section        0  stm32f1xx_hal_i2c.o(i.I2C_ITError)
    I2C_ITError                              0x08002739   Thumb Code   336  stm32f1xx_hal_i2c.o(i.I2C_ITError)
    i.I2C_IsAcknowledgeFailed                0x08002890   Section        0  stm32f1xx_hal_i2c.o(i.I2C_IsAcknowledgeFailed)
    I2C_IsAcknowledgeFailed                  0x08002891   Thumb Code    46  stm32f1xx_hal_i2c.o(i.I2C_IsAcknowledgeFailed)
    i.I2C_MasterReceive_BTF                  0x080028be   Section        0  stm32f1xx_hal_i2c.o(i.I2C_MasterReceive_BTF)
    I2C_MasterReceive_BTF                    0x080028bf   Thumb Code   218  stm32f1xx_hal_i2c.o(i.I2C_MasterReceive_BTF)
    i.I2C_MasterReceive_RXNE                 0x08002998   Section        0  stm32f1xx_hal_i2c.o(i.I2C_MasterReceive_RXNE)
    I2C_MasterReceive_RXNE                   0x08002999   Thumb Code   238  stm32f1xx_hal_i2c.o(i.I2C_MasterReceive_RXNE)
    i.I2C_MasterTransmit_BTF                 0x08002a8c   Section        0  stm32f1xx_hal_i2c.o(i.I2C_MasterTransmit_BTF)
    I2C_MasterTransmit_BTF                   0x08002a8d   Thumb Code   130  stm32f1xx_hal_i2c.o(i.I2C_MasterTransmit_BTF)
    i.I2C_MasterTransmit_TXE                 0x08002b10   Section        0  stm32f1xx_hal_i2c.o(i.I2C_MasterTransmit_TXE)
    I2C_MasterTransmit_TXE                   0x08002b11   Thumb Code   182  stm32f1xx_hal_i2c.o(i.I2C_MasterTransmit_TXE)
    i.I2C_Master_ADDR                        0x08002bc8   Section        0  stm32f1xx_hal_i2c.o(i.I2C_Master_ADDR)
    I2C_Master_ADDR                          0x08002bc9   Thumb Code   340  stm32f1xx_hal_i2c.o(i.I2C_Master_ADDR)
    i.I2C_Master_SB                          0x08002d20   Section        0  stm32f1xx_hal_i2c.o(i.I2C_Master_SB)
    I2C_Master_SB                            0x08002d21   Thumb Code   140  stm32f1xx_hal_i2c.o(i.I2C_Master_SB)
    i.I2C_MemoryTransmit_TXE_BTF             0x08002dac   Section        0  stm32f1xx_hal_i2c.o(i.I2C_MemoryTransmit_TXE_BTF)
    I2C_MemoryTransmit_TXE_BTF               0x08002dad   Thumb Code   168  stm32f1xx_hal_i2c.o(i.I2C_MemoryTransmit_TXE_BTF)
    i.I2C_RequestMemoryRead                  0x08002e54   Section        0  stm32f1xx_hal_i2c.o(i.I2C_RequestMemoryRead)
    I2C_RequestMemoryRead                    0x08002e55   Thumb Code   246  stm32f1xx_hal_i2c.o(i.I2C_RequestMemoryRead)
    i.I2C_RequestMemoryWrite                 0x08002f50   Section        0  stm32f1xx_hal_i2c.o(i.I2C_RequestMemoryWrite)
    I2C_RequestMemoryWrite                   0x08002f51   Thumb Code   162  stm32f1xx_hal_i2c.o(i.I2C_RequestMemoryWrite)
    i.I2C_Slave_ADDR                         0x08002ff8   Section        0  stm32f1xx_hal_i2c.o(i.I2C_Slave_ADDR)
    I2C_Slave_ADDR                           0x08002ff9   Thumb Code    70  stm32f1xx_hal_i2c.o(i.I2C_Slave_ADDR)
    i.I2C_Slave_AF                           0x08003040   Section        0  stm32f1xx_hal_i2c.o(i.I2C_Slave_AF)
    I2C_Slave_AF                             0x08003041   Thumb Code   138  stm32f1xx_hal_i2c.o(i.I2C_Slave_AF)
    i.I2C_Slave_STOPF                        0x080030d0   Section        0  stm32f1xx_hal_i2c.o(i.I2C_Slave_STOPF)
    I2C_Slave_STOPF                          0x080030d1   Thumb Code   338  stm32f1xx_hal_i2c.o(i.I2C_Slave_STOPF)
    i.I2C_WaitOnBTFFlagUntilTimeout          0x0800322c   Section        0  stm32f1xx_hal_i2c.o(i.I2C_WaitOnBTFFlagUntilTimeout)
    I2C_WaitOnBTFFlagUntilTimeout            0x0800322d   Thumb Code    86  stm32f1xx_hal_i2c.o(i.I2C_WaitOnBTFFlagUntilTimeout)
    i.I2C_WaitOnFlagUntilTimeout             0x08003284   Section        0  stm32f1xx_hal_i2c.o(i.I2C_WaitOnFlagUntilTimeout)
    I2C_WaitOnFlagUntilTimeout               0x08003285   Thumb Code   144  stm32f1xx_hal_i2c.o(i.I2C_WaitOnFlagUntilTimeout)
    i.I2C_WaitOnMasterAddressFlagUntilTimeout 0x08003314   Section        0  stm32f1xx_hal_i2c.o(i.I2C_WaitOnMasterAddressFlagUntilTimeout)
    I2C_WaitOnMasterAddressFlagUntilTimeout  0x08003315   Thumb Code   188  stm32f1xx_hal_i2c.o(i.I2C_WaitOnMasterAddressFlagUntilTimeout)
    i.I2C_WaitOnRXNEFlagUntilTimeout         0x080033d0   Section        0  stm32f1xx_hal_i2c.o(i.I2C_WaitOnRXNEFlagUntilTimeout)
    I2C_WaitOnRXNEFlagUntilTimeout           0x080033d1   Thumb Code   112  stm32f1xx_hal_i2c.o(i.I2C_WaitOnRXNEFlagUntilTimeout)
    i.I2C_WaitOnTXEFlagUntilTimeout          0x08003440   Section        0  stm32f1xx_hal_i2c.o(i.I2C_WaitOnTXEFlagUntilTimeout)
    I2C_WaitOnTXEFlagUntilTimeout            0x08003441   Thumb Code    86  stm32f1xx_hal_i2c.o(i.I2C_WaitOnTXEFlagUntilTimeout)
    i.Key1_Pressed                           0x08003498   Section        0  main.o(i.Key1_Pressed)
    i.MX_DMA_Init                            0x080034d4   Section        0  dma.o(i.MX_DMA_Init)
    i.MX_GPIO_Init                           0x08003530   Section        0  gpio.o(i.MX_GPIO_Init)
    i.MX_I2C1_Init                           0x080035c4   Section        0  i2c.o(i.MX_I2C1_Init)
    i.MX_TIM1_Init                           0x08003604   Section        0  tim.o(i.MX_TIM1_Init)
    i.MX_TIM3_Init                           0x0800366c   Section        0  tim.o(i.MX_TIM3_Init)
    i.MX_USART1_UART_Init                    0x080036f0   Section        0  usart.o(i.MX_USART1_UART_Init)
    i.MX_USART2_UART_Init                    0x08003728   Section        0  usart.o(i.MX_USART2_UART_Init)
    i.MemManage_Handler                      0x08003760   Section        0  stm32f1xx_it.o(i.MemManage_Handler)
    i.Motor_Set                              0x08003764   Section        0  main.o(i.Motor_Set)
    i.NMI_Handler                            0x080037a0   Section        0  stm32f1xx_it.o(i.NMI_Handler)
    i.PendSV_Handler                         0x080037a2   Section        0  stm32f1xx_it.o(i.PendSV_Handler)
    i.RGB_SetColor                           0x080037a4   Section        0  main.o(i.RGB_SetColor)
    i.SVC_Handler                            0x080037f0   Section        0  stm32f1xx_it.o(i.SVC_Handler)
    i.Send_DeviceState                       0x080037f4   Section        0  main.o(i.Send_DeviceState)
    i.Send_SensorData                        0x08003848   Section        0  main.o(i.Send_SensorData)
    i.SysTick_Handler                        0x080038bc   Section        0  stm32f1xx_it.o(i.SysTick_Handler)
    i.SystemClock_Config                     0x080038c0   Section        0  main.o(i.SystemClock_Config)
    i.SystemInit                             0x0800391e   Section        0  system_stm32f1xx.o(i.SystemInit)
    i.TIM3_IRQHandler                        0x08003920   Section        0  stm32f1xx_it.o(i.TIM3_IRQHandler)
    i.TIM_Base_SetConfig                     0x0800392c   Section        0  stm32f1xx_hal_tim.o(i.TIM_Base_SetConfig)
    i.TIM_CCxChannelCmd                      0x080039a4   Section        0  stm32f1xx_hal_tim.o(i.TIM_CCxChannelCmd)
    i.TIM_ETR_SetConfig                      0x080039be   Section        0  stm32f1xx_hal_tim.o(i.TIM_ETR_SetConfig)
    i.TIM_ITRx_SetConfig                     0x080039d2   Section        0  stm32f1xx_hal_tim.o(i.TIM_ITRx_SetConfig)
    TIM_ITRx_SetConfig                       0x080039d3   Thumb Code    16  stm32f1xx_hal_tim.o(i.TIM_ITRx_SetConfig)
    i.TIM_OC1_SetConfig                      0x080039e4   Section        0  stm32f1xx_hal_tim.o(i.TIM_OC1_SetConfig)
    TIM_OC1_SetConfig                        0x080039e5   Thumb Code    74  stm32f1xx_hal_tim.o(i.TIM_OC1_SetConfig)
    i.TIM_OC2_SetConfig                      0x08003a34   Section        0  stm32f1xx_hal_tim.o(i.TIM_OC2_SetConfig)
    i.TIM_OC3_SetConfig                      0x08003a8c   Section        0  stm32f1xx_hal_tim.o(i.TIM_OC3_SetConfig)
    TIM_OC3_SetConfig                        0x08003a8d   Thumb Code    82  stm32f1xx_hal_tim.o(i.TIM_OC3_SetConfig)
    i.TIM_OC4_SetConfig                      0x08003ae4   Section        0  stm32f1xx_hal_tim.o(i.TIM_OC4_SetConfig)
    TIM_OC4_SetConfig                        0x08003ae5   Thumb Code    64  stm32f1xx_hal_tim.o(i.TIM_OC4_SetConfig)
    i.TIM_TI1_ConfigInputStage               0x08003b28   Section        0  stm32f1xx_hal_tim.o(i.TIM_TI1_ConfigInputStage)
    TIM_TI1_ConfigInputStage                 0x08003b29   Thumb Code    34  stm32f1xx_hal_tim.o(i.TIM_TI1_ConfigInputStage)
    i.TIM_TI2_ConfigInputStage               0x08003b4a   Section        0  stm32f1xx_hal_tim.o(i.TIM_TI2_ConfigInputStage)
    TIM_TI2_ConfigInputStage                 0x08003b4b   Thumb Code    36  stm32f1xx_hal_tim.o(i.TIM_TI2_ConfigInputStage)
    i.UART2_ProcessProtocol                  0x08003b70   Section        0  main.o(i.UART2_ProcessProtocol)
    i.UART2_RxStart                          0x08003c90   Section        0  main.o(i.UART2_RxStart)
    i.UART_DMAAbortOnError                   0x08003ca4   Section        0  stm32f1xx_hal_uart.o(i.UART_DMAAbortOnError)
    UART_DMAAbortOnError                     0x08003ca5   Thumb Code    16  stm32f1xx_hal_uart.o(i.UART_DMAAbortOnError)
    i.UART_DMAError                          0x08003cb4   Section        0  stm32f1xx_hal_uart.o(i.UART_DMAError)
    UART_DMAError                            0x08003cb5   Thumb Code    74  stm32f1xx_hal_uart.o(i.UART_DMAError)
    i.UART_DMAReceiveCplt                    0x08003cfe   Section        0  stm32f1xx_hal_uart.o(i.UART_DMAReceiveCplt)
    UART_DMAReceiveCplt                      0x08003cff   Thumb Code   134  stm32f1xx_hal_uart.o(i.UART_DMAReceiveCplt)
    i.UART_DMARxHalfCplt                     0x08003d84   Section        0  stm32f1xx_hal_uart.o(i.UART_DMARxHalfCplt)
    UART_DMARxHalfCplt                       0x08003d85   Thumb Code    30  stm32f1xx_hal_uart.o(i.UART_DMARxHalfCplt)
    i.UART_EndRxTransfer                     0x08003da2   Section        0  stm32f1xx_hal_uart.o(i.UART_EndRxTransfer)
    UART_EndRxTransfer                       0x08003da3   Thumb Code    78  stm32f1xx_hal_uart.o(i.UART_EndRxTransfer)
    i.UART_EndTxTransfer                     0x08003df0   Section        0  stm32f1xx_hal_uart.o(i.UART_EndTxTransfer)
    UART_EndTxTransfer                       0x08003df1   Thumb Code    28  stm32f1xx_hal_uart.o(i.UART_EndTxTransfer)
    i.UART_Receive_IT                        0x08003e0c   Section        0  stm32f1xx_hal_uart.o(i.UART_Receive_IT)
    UART_Receive_IT                          0x08003e0d   Thumb Code   194  stm32f1xx_hal_uart.o(i.UART_Receive_IT)
    i.UART_SetConfig                         0x08003ed0   Section        0  stm32f1xx_hal_uart.o(i.UART_SetConfig)
    UART_SetConfig                           0x08003ed1   Thumb Code   178  stm32f1xx_hal_uart.o(i.UART_SetConfig)
    i.UART_Start_Receive_DMA                 0x08003f88   Section        0  stm32f1xx_hal_uart.o(i.UART_Start_Receive_DMA)
    i.UART_WaitOnFlagUntilTimeout            0x08004018   Section        0  stm32f1xx_hal_uart.o(i.UART_WaitOnFlagUntilTimeout)
    UART_WaitOnFlagUntilTimeout              0x08004019   Thumb Code   114  stm32f1xx_hal_uart.o(i.UART_WaitOnFlagUntilTimeout)
    i.USART1_IRQHandler                      0x0800408c   Section        0  stm32f1xx_it.o(i.USART1_IRQHandler)
    i.USART2_IRQHandler                      0x08004098   Section        0  stm32f1xx_it.o(i.USART2_IRQHandler)
    i.UsageFault_Handler                     0x080040a4   Section        0  stm32f1xx_it.o(i.UsageFault_Handler)
    i.__NVIC_SetPriority                     0x080040a6   Section        0  stm32f1xx_hal_cortex.o(i.__NVIC_SetPriority)
    __NVIC_SetPriority                       0x080040a7   Thumb Code    32  stm32f1xx_hal_cortex.o(i.__NVIC_SetPriority)
    i.main                                   0x080040c8   Section        0  main.o(i.main)
    x$fpl$fadd                               0x08004274   Section      196  faddsub_clz.o(x$fpl$fadd)
    _fadd1                                   0x08004283   Thumb Code     0  faddsub_clz.o(x$fpl$fadd)
    x$fpl$fdiv                               0x08004338   Section      388  fdiv.o(x$fpl$fdiv)
    _fdiv1                                   0x08004339   Thumb Code     0  fdiv.o(x$fpl$fdiv)
    x$fpl$ffix                               0x080044bc   Section       54  ffix.o(x$fpl$ffix)
    x$fpl$fflt                               0x080044f4   Section       48  fflt_clz.o(x$fpl$fflt)
    x$fpl$fmul                               0x08004524   Section      258  fmul.o(x$fpl$fmul)
    x$fpl$fnaninf                            0x08004626   Section      140  fnaninf.o(x$fpl$fnaninf)
    x$fpl$fretinf                            0x080046b2   Section       10  fretinf.o(x$fpl$fretinf)
    x$fpl$fsub                               0x080046bc   Section      234  faddsub_clz.o(x$fpl$fsub)
    _fsub1                                   0x080046cb   Thumb Code     0  faddsub_clz.o(x$fpl$fsub)
    .constdata                               0x080047a6   Section       18  stm32f1xx_hal_rcc.o(.constdata)
    x$fpl$usenofp                            0x080047a6   Section        0  usenofp.o(x$fpl$usenofp)
    aPredivFactorTable                       0x080047a6   Data           2  stm32f1xx_hal_rcc.o(.constdata)
    aPLLMULFactorTable                       0x080047a8   Data          16  stm32f1xx_hal_rcc.o(.constdata)
    .constdata                               0x080047b8   Section       16  system_stm32f1xx.o(.constdata)
    .constdata                               0x080047c8   Section        8  system_stm32f1xx.o(.constdata)
    .data                                    0x20000000   Section       44  main.o(.data)
    .data                                    0x2000002c   Section       12  stm32f1xx_hal.o(.data)
    .data                                    0x20000038   Section        4  system_stm32f1xx.o(.data)
    .bss                                     0x2000003c   Section      640  main.o(.bss)
    .bss                                     0x200002bc   Section       84  i2c.o(.bss)
    .bss                                     0x20000310   Section      144  tim.o(.bss)
    .bss                                     0x200003a0   Section      416  usart.o(.bss)
    .bss                                     0x20000540   Section       96  libspace.o(.bss)
    HEAP                                     0x200005a0   Section      512  startup_stm32f103xb.o(HEAP)
    Heap_Mem                                 0x200005a0   Data         512  startup_stm32f103xb.o(HEAP)
    STACK                                    0x200007a0   Section     1024  startup_stm32f103xb.o(STACK)
    Stack_Mem                                0x200007a0   Data        1024  startup_stm32f103xb.o(STACK)
    __initial_sp                             0x20000ba0   Data           0  startup_stm32f103xb.o(STACK)

    Global Symbols

    Symbol Name                              Value     Ov Type        Size  Object(Section)

    BuildAttributes$$THM_ISAv4$P$D$K$B$S$PE$A:L22UL41UL21$X:L11$S22US41US21$IEEE1$IW$USESV6$~STKCKD$USESV7$~SHL$OSPACE$ROPI$EBA8$UX$STANDARDLIB$REQ8$PRES8$EABIv2 0x00000000   Number         0  anon$$obj.o ABSOLUTE
    __ARM_use_no_argv                        0x00000000   Number         0  main.o ABSOLUTE
    __ARM_exceptions_init                     - Undefined Weak Reference
    __alloca_initialize                       - Undefined Weak Reference
    __arm_preinit_                            - Undefined Weak Reference
    __cpp_initialize__aeabi_                  - Undefined Weak Reference
    __cxa_finalize                            - Undefined Weak Reference
    __rt_locale                               - Undefined Weak Reference
    __sigvec_lookup                           - Undefined Weak Reference
    _atexit_init                              - Undefined Weak Reference
    _call_atexit_fns                          - Undefined Weak Reference
    _clock_init                               - Undefined Weak Reference
    _fp_trap_init                             - Undefined Weak Reference
    _fp_trap_shutdown                         - Undefined Weak Reference
    _get_lc_collate                           - Undefined Weak Reference
    _get_lc_ctype                             - Undefined Weak Reference
    _get_lc_monetary                          - Undefined Weak Reference
    _get_lc_numeric                           - Undefined Weak Reference
    _get_lc_time                              - Undefined Weak Reference
    _getenv_init                              - Undefined Weak Reference
    _handle_redirection                       - Undefined Weak Reference
    _init_alloc                               - Undefined Weak Reference
    _init_user_alloc                          - Undefined Weak Reference
    _initio                                   - Undefined Weak Reference
    _rand_init                                - Undefined Weak Reference
    _signal_finish                            - Undefined Weak Reference
    _signal_init                              - Undefined Weak Reference
    _terminate_alloc                          - Undefined Weak Reference
    _terminate_user_alloc                     - Undefined Weak Reference
    _terminateio                              - Undefined Weak Reference
    __Vectors_Size                           0x000000ec   Number         0  startup_stm32f103xb.o ABSOLUTE
    __Vectors                                0x08000000   Data           4  startup_stm32f103xb.o(RESET)
    __Vectors_End                            0x080000ec   Data           0  startup_stm32f103xb.o(RESET)
    __main                                   0x080000ed   Thumb Code     8  __main.o(!!!main)
    __scatterload                            0x080000f5   Thumb Code     0  __scatter.o(!!!scatter)
    __scatterload_rt2                        0x080000f5   Thumb Code    44  __scatter.o(!!!scatter)
    __scatterload_rt2_thumb_only             0x080000f5   Thumb Code     0  __scatter.o(!!!scatter)
    __scatterload_null                       0x08000103   Thumb Code     0  __scatter.o(!!!scatter)
    __scatterload_copy                       0x08000129   Thumb Code    26  __scatter_copy.o(!!handler_copy)
    __scatterload_zeroinit                   0x08000145   Thumb Code    28  __scatter_zi.o(!!handler_zi)
    __rt_lib_init                            0x08000161   Thumb Code     0  libinit.o(.ARM.Collect$$libinit$$00000000)
    __rt_lib_init_alloca_1                   0x08000163   Thumb Code     0  libinit2.o(.ARM.Collect$$libinit$$0000002E)
    __rt_lib_init_argv_1                     0x08000163   Thumb Code     0  libinit2.o(.ARM.Collect$$libinit$$0000002C)
    __rt_lib_init_atexit_1                   0x08000163   Thumb Code     0  libinit2.o(.ARM.Collect$$libinit$$0000001B)
    __rt_lib_init_clock_1                    0x08000163   Thumb Code     0  libinit2.o(.ARM.Collect$$libinit$$00000021)
    __rt_lib_init_cpp_1                      0x08000163   Thumb Code     0  libinit2.o(.ARM.Collect$$libinit$$00000032)
    __rt_lib_init_exceptions_1               0x08000163   Thumb Code     0  libinit2.o(.ARM.Collect$$libinit$$00000030)
    __rt_lib_init_fp_1                       0x08000163   Thumb Code     0  libinit2.o(.ARM.Collect$$libinit$$00000002)
    __rt_lib_init_fp_trap_1                  0x08000163   Thumb Code     0  libinit2.o(.ARM.Collect$$libinit$$0000001F)
    __rt_lib_init_getenv_1                   0x08000163   Thumb Code     0  libinit2.o(.ARM.Collect$$libinit$$00000023)
    __rt_lib_init_heap_1                     0x08000163   Thumb Code     0  libinit2.o(.ARM.Collect$$libinit$$0000000A)
    __rt_lib_init_lc_collate_1               0x08000163   Thumb Code     0  libinit2.o(.ARM.Collect$$libinit$$00000011)
    __rt_lib_init_lc_ctype_1                 0x08000163   Thumb Code     0  libinit2.o(.ARM.Collect$$libinit$$00000013)
    __rt_lib_init_lc_monetary_1              0x08000163   Thumb Code     0  libinit2.o(.ARM.Collect$$libinit$$00000015)
    __rt_lib_init_lc_numeric_1               0x08000163   Thumb Code     0  libinit2.o(.ARM.Collect$$libinit$$00000017)
    __rt_lib_init_lc_time_1                  0x08000163   Thumb Code     0  libinit2.o(.ARM.Collect$$libinit$$00000019)
    __rt_lib_init_preinit_1                  0x08000163   Thumb Code     0  libinit2.o(.ARM.Collect$$libinit$$00000004)
    __rt_lib_init_rand_1                     0x08000163   Thumb Code     0  libinit2.o(.ARM.Collect$$libinit$$0000000E)
    __rt_lib_init_return                     0x08000163   Thumb Code     0  libinit2.o(.ARM.Collect$$libinit$$00000033)
    __rt_lib_init_signal_1                   0x08000163   Thumb Code     0  libinit2.o(.ARM.Collect$$libinit$$0000001D)
    __rt_lib_init_stdio_1                    0x08000163   Thumb Code     0  libinit2.o(.ARM.Collect$$libinit$$00000025)
    __rt_lib_init_user_alloc_1               0x08000163   Thumb Code     0  libinit2.o(.ARM.Collect$$libinit$$0000000C)
    __rt_lib_shutdown                        0x08000165   Thumb Code     0  libshutdown.o(.ARM.Collect$$libshutdown$$00000000)
    __rt_lib_shutdown_cpp_1                  0x08000167   Thumb Code     0  libshutdown2.o(.ARM.Collect$$libshutdown$$00000002)
    __rt_lib_shutdown_fp_trap_1              0x08000167   Thumb Code     0  libshutdown2.o(.ARM.Collect$$libshutdown$$00000007)
    __rt_lib_shutdown_heap_1                 0x08000167   Thumb Code     0  libshutdown2.o(.ARM.Collect$$libshutdown$$0000000F)
    __rt_lib_shutdown_return                 0x08000167   Thumb Code     0  libshutdown2.o(.ARM.Collect$$libshutdown$$00000010)
    __rt_lib_shutdown_signal_1               0x08000167   Thumb Code     0  libshutdown2.o(.ARM.Collect$$libshutdown$$0000000A)
    __rt_lib_shutdown_stdio_1                0x08000167   Thumb Code     0  libshutdown2.o(.ARM.Collect$$libshutdown$$00000004)
    __rt_lib_shutdown_user_alloc_1           0x08000167   Thumb Code     0  libshutdown2.o(.ARM.Collect$$libshutdown$$0000000C)
    __rt_entry                               0x08000169   Thumb Code     0  __rtentry.o(.ARM.Collect$$rtentry$$00000000)
    __rt_entry_presh_1                       0x08000169   Thumb Code     0  __rtentry2.o(.ARM.Collect$$rtentry$$00000002)
    __rt_entry_sh                            0x08000169   Thumb Code     0  __rtentry4.o(.ARM.Collect$$rtentry$$00000004)
    __rt_entry_li                            0x0800016f   Thumb Code     0  __rtentry2.o(.ARM.Collect$$rtentry$$0000000A)
    __rt_entry_postsh_1                      0x0800016f   Thumb Code     0  __rtentry2.o(.ARM.Collect$$rtentry$$00000009)
    __rt_entry_main                          0x08000173   Thumb Code     0  __rtentry2.o(.ARM.Collect$$rtentry$$0000000D)
    __rt_entry_postli_1                      0x08000173   Thumb Code     0  __rtentry2.o(.ARM.Collect$$rtentry$$0000000C)
    __rt_exit                                0x0800017b   Thumb Code     0  rtexit.o(.ARM.Collect$$rtexit$$00000000)
    __rt_exit_ls                             0x0800017d   Thumb Code     0  rtexit2.o(.ARM.Collect$$rtexit$$00000003)
    __rt_exit_prels_1                        0x0800017d   Thumb Code     0  rtexit2.o(.ARM.Collect$$rtexit$$00000002)
    __rt_exit_exit                           0x08000181   Thumb Code     0  rtexit2.o(.ARM.Collect$$rtexit$$00000004)
    Reset_Handler                            0x08000189   Thumb Code     8  startup_stm32f103xb.o(.text)
    ADC1_2_IRQHandler                        0x080001a3   Thumb Code     0  startup_stm32f103xb.o(.text)
    CAN1_RX1_IRQHandler                      0x080001a3   Thumb Code     0  startup_stm32f103xb.o(.text)
    CAN1_SCE_IRQHandler                      0x080001a3   Thumb Code     0  startup_stm32f103xb.o(.text)
    DMA1_Channel1_IRQHandler                 0x080001a3   Thumb Code     0  startup_stm32f103xb.o(.text)
    DMA1_Channel2_IRQHandler                 0x080001a3   Thumb Code     0  startup_stm32f103xb.o(.text)
    DMA1_Channel3_IRQHandler                 0x080001a3   Thumb Code     0  startup_stm32f103xb.o(.text)
    EXTI0_IRQHandler                         0x080001a3   Thumb Code     0  startup_stm32f103xb.o(.text)
    EXTI15_10_IRQHandler                     0x080001a3   Thumb Code     0  startup_stm32f103xb.o(.text)
    EXTI2_IRQHandler                         0x080001a3   Thumb Code     0  startup_stm32f103xb.o(.text)
    EXTI3_IRQHandler                         0x080001a3   Thumb Code     0  startup_stm32f103xb.o(.text)
    EXTI4_IRQHandler                         0x080001a3   Thumb Code     0  startup_stm32f103xb.o(.text)
    FLASH_IRQHandler                         0x080001a3   Thumb Code     0  startup_stm32f103xb.o(.text)
    I2C2_ER_IRQHandler                       0x080001a3   Thumb Code     0  startup_stm32f103xb.o(.text)
    I2C2_EV_IRQHandler                       0x080001a3   Thumb Code     0  startup_stm32f103xb.o(.text)
    PVD_IRQHandler                           0x080001a3   Thumb Code     0  startup_stm32f103xb.o(.text)
    RCC_IRQHandler                           0x080001a3   Thumb Code     0  startup_stm32f103xb.o(.text)
    RTC_Alarm_IRQHandler                     0x080001a3   Thumb Code     0  startup_stm32f103xb.o(.text)
    RTC_IRQHandler                           0x080001a3   Thumb Code     0  startup_stm32f103xb.o(.text)
    SPI1_IRQHandler                          0x080001a3   Thumb Code     0  startup_stm32f103xb.o(.text)
    SPI2_IRQHandler                          0x080001a3   Thumb Code     0  startup_stm32f103xb.o(.text)
    TAMPER_IRQHandler                        0x080001a3   Thumb Code     0  startup_stm32f103xb.o(.text)
    TIM1_BRK_IRQHandler                      0x080001a3   Thumb Code     0  startup_stm32f103xb.o(.text)
    TIM1_CC_IRQHandler                       0x080001a3   Thumb Code     0  startup_stm32f103xb.o(.text)
    TIM1_TRG_COM_IRQHandler                  0x080001a3   Thumb Code     0  startup_stm32f103xb.o(.text)
    TIM1_UP_IRQHandler                       0x080001a3   Thumb Code     0  startup_stm32f103xb.o(.text)
    TIM2_IRQHandler                          0x080001a3   Thumb Code     0  startup_stm32f103xb.o(.text)
    TIM4_IRQHandler                          0x080001a3   Thumb Code     0  startup_stm32f103xb.o(.text)
    USART3_IRQHandler                        0x080001a3   Thumb Code     0  startup_stm32f103xb.o(.text)
    USBWakeUp_IRQHandler                     0x080001a3   Thumb Code     0  startup_stm32f103xb.o(.text)
    USB_HP_CAN1_TX_IRQHandler                0x080001a3   Thumb Code     0  startup_stm32f103xb.o(.text)
    USB_LP_CAN1_RX0_IRQHandler               0x080001a3   Thumb Code     0  startup_stm32f103xb.o(.text)
    WWDG_IRQHandler                          0x080001a3   Thumb Code     0  startup_stm32f103xb.o(.text)
    __user_initial_stackheap                 0x080001a5   Thumb Code     0  startup_stm32f103xb.o(.text)
    __aeabi_memcpy                           0x080001c9   Thumb Code     0  rt_memcpy_v6.o(.text)
    __rt_memcpy                              0x080001c9   Thumb Code   138  rt_memcpy_v6.o(.text)
    _memcpy_lastbytes                        0x0800022f   Thumb Code     0  rt_memcpy_v6.o(.text)
    __aeabi_memmove                          0x08000253   Thumb Code     0  rt_memmove_v6.o(.text)
    __rt_memmove                             0x08000253   Thumb Code   132  rt_memmove_v6.o(.text)
    __memmove_lastfew                        0x080002b3   Thumb Code     0  rt_memmove_v6.o(.text)
    __aeabi_memclr4                          0x080002d7   Thumb Code     0  rt_memclr_w.o(.text)
    __aeabi_memclr8                          0x080002d7   Thumb Code     0  rt_memclr_w.o(.text)
    __rt_memclr_w                            0x080002d7   Thumb Code    78  rt_memclr_w.o(.text)
    _memset_w                                0x080002db   Thumb Code     0  rt_memclr_w.o(.text)
    __use_two_region_memory                  0x08000325   Thumb Code     2  heapauxi.o(.text)
    __rt_heap_escrow$2region                 0x08000327   Thumb Code     2  heapauxi.o(.text)
    __rt_heap_expand$2region                 0x08000329   Thumb Code     2  heapauxi.o(.text)
    __aeabi_memcpy4                          0x0800032b   Thumb Code     0  rt_memcpy_w.o(.text)
    __aeabi_memcpy8                          0x0800032b   Thumb Code     0  rt_memcpy_w.o(.text)
    __rt_memcpy_w                            0x0800032b   Thumb Code   100  rt_memcpy_w.o(.text)
    _memcpy_lastbytes_aligned                0x08000373   Thumb Code     0  rt_memcpy_w.o(.text)
    __aeabi_memmove4                         0x0800038f   Thumb Code     0  rt_memmove_w.o(.text)
    __aeabi_memmove8                         0x0800038f   Thumb Code     0  rt_memmove_w.o(.text)
    __rt_memmove_w                           0x0800038f   Thumb Code   122  rt_memmove_w.o(.text)
    __memmove_aligned                        0x080003b5   Thumb Code     0  rt_memmove_w.o(.text)
    __memmove_lastfew_aligned                0x080003ed   Thumb Code     0  rt_memmove_w.o(.text)
    __user_setup_stackheap                   0x08000409   Thumb Code    74  sys_stackheap_outer.o(.text)
    exit                                     0x08000453   Thumb Code    18  exit.o(.text)
    __user_libspace                          0x08000465   Thumb Code     8  libspace.o(.text)
    __user_perproc_libspace                  0x08000465   Thumb Code     0  libspace.o(.text)
    __user_perthread_libspace                0x08000465   Thumb Code     0  libspace.o(.text)
    _sys_exit                                0x0800046d   Thumb Code     8  sys_exit.o(.text)
    __I$use$semihosting                      0x08000479   Thumb Code     0  use_no_semi.o(.text)
    __use_no_semihosting_swi                 0x08000479   Thumb Code     2  use_no_semi.o(.text)
    BusFault_Handler                         0x0800047b   Thumb Code     2  stm32f1xx_it.o(i.BusFault_Handler)
    __semihosting_library_function           0x0800047b   Thumb Code     0  indicate_semi.o(.text)
    DMA1_Channel4_IRQHandler                 0x0800047d   Thumb Code     6  stm32f1xx_it.o(i.DMA1_Channel4_IRQHandler)
    DMA1_Channel5_IRQHandler                 0x08000489   Thumb Code     6  stm32f1xx_it.o(i.DMA1_Channel5_IRQHandler)
    DMA1_Channel6_IRQHandler                 0x08000495   Thumb Code     6  stm32f1xx_it.o(i.DMA1_Channel6_IRQHandler)
    DMA1_Channel7_IRQHandler                 0x080004a1   Thumb Code     6  stm32f1xx_it.o(i.DMA1_Channel7_IRQHandler)
    DebugMon_Handler                         0x080004d7   Thumb Code     2  stm32f1xx_it.o(i.DebugMon_Handler)
    EXTI1_IRQHandler                         0x080004d9   Thumb Code     6  main.o(i.EXTI1_IRQHandler)
    EXTI9_5_IRQHandler                       0x080004df   Thumb Code     6  main.o(i.EXTI9_5_IRQHandler)
    Error_Handler                            0x080004e5   Thumb Code     4  main.o(i.Error_Handler)
    HAL_DMA_Abort                            0x080004e9   Thumb Code    70  stm32f1xx_hal_dma.o(i.HAL_DMA_Abort)
    HAL_DMA_Abort_IT                         0x08000531   Thumb Code   148  stm32f1xx_hal_dma.o(i.HAL_DMA_Abort_IT)
    HAL_DMA_GetState                         0x080005c9   Thumb Code     6  stm32f1xx_hal_dma.o(i.HAL_DMA_GetState)
    HAL_DMA_IRQHandler                       0x080005d1   Thumb Code   316  stm32f1xx_hal_dma.o(i.HAL_DMA_IRQHandler)
    HAL_DMA_Init                             0x08000725   Thumb Code    84  stm32f1xx_hal_dma.o(i.HAL_DMA_Init)
    HAL_DMA_Start_IT                         0x08000781   Thumb Code   112  stm32f1xx_hal_dma.o(i.HAL_DMA_Start_IT)
    HAL_Delay                                0x080007f1   Thumb Code    32  stm32f1xx_hal.o(i.HAL_Delay)
    HAL_GPIO_EXTI_Callback                   0x08000815   Thumb Code    86  main.o(i.HAL_GPIO_EXTI_Callback)
    HAL_GPIO_EXTI_IRQHandler                 0x08000871   Thumb Code    18  stm32f1xx_hal_gpio.o(i.HAL_GPIO_EXTI_IRQHandler)
    HAL_GPIO_Init                            0x08000889   Thumb Code   446  stm32f1xx_hal_gpio.o(i.HAL_GPIO_Init)
    HAL_GPIO_ReadPin                         0x08000a69   Thumb Code    10  stm32f1xx_hal_gpio.o(i.HAL_GPIO_ReadPin)
    HAL_GPIO_WritePin                        0x08000a73   Thumb Code    10  stm32f1xx_hal_gpio.o(i.HAL_GPIO_WritePin)
    HAL_GetTick                              0x08000a7d   Thumb Code     6  stm32f1xx_hal.o(i.HAL_GetTick)
    HAL_I2C_AbortCpltCallback                0x08000a89   Thumb Code     2  stm32f1xx_hal_i2c.o(i.HAL_I2C_AbortCpltCallback)
    HAL_I2C_AddrCallback                     0x08000a8b   Thumb Code     2  stm32f1xx_hal_i2c.o(i.HAL_I2C_AddrCallback)
    HAL_I2C_ER_IRQHandler                    0x08000a8d   Thumb Code   196  stm32f1xx_hal_i2c.o(i.HAL_I2C_ER_IRQHandler)
    HAL_I2C_EV_IRQHandler                    0x08000b51   Thumb Code   560  stm32f1xx_hal_i2c.o(i.HAL_I2C_EV_IRQHandler)
    HAL_I2C_ErrorCallback                    0x08000d81   Thumb Code     2  stm32f1xx_hal_i2c.o(i.HAL_I2C_ErrorCallback)
    HAL_I2C_Init                             0x08000d85   Thumb Code   376  stm32f1xx_hal_i2c.o(i.HAL_I2C_Init)
    HAL_I2C_ListenCpltCallback               0x08000f0d   Thumb Code     2  stm32f1xx_hal_i2c.o(i.HAL_I2C_ListenCpltCallback)
    HAL_I2C_MasterRxCpltCallback             0x08000f0f   Thumb Code     2  stm32f1xx_hal_i2c.o(i.HAL_I2C_MasterRxCpltCallback)
    HAL_I2C_MasterTxCpltCallback             0x08000f11   Thumb Code     2  stm32f1xx_hal_i2c.o(i.HAL_I2C_MasterTxCpltCallback)
    HAL_I2C_MemRxCpltCallback                0x08000f13   Thumb Code     2  stm32f1xx_hal_i2c.o(i.HAL_I2C_MemRxCpltCallback)
    HAL_I2C_MemTxCpltCallback                0x08000f15   Thumb Code     2  stm32f1xx_hal_i2c.o(i.HAL_I2C_MemTxCpltCallback)
    HAL_I2C_Mem_Read                         0x08000f19   Thumb Code   586  stm32f1xx_hal_i2c.o(i.HAL_I2C_Mem_Read)
    HAL_I2C_Mem_Write                        0x08001175   Thumb Code   294  stm32f1xx_hal_i2c.o(i.HAL_I2C_Mem_Write)
    HAL_I2C_MspInit                          0x080012a5   Thumb Code   112  i2c.o(i.HAL_I2C_MspInit)
    HAL_I2C_SlaveRxCpltCallback              0x08001321   Thumb Code     2  stm32f1xx_hal_i2c.o(i.HAL_I2C_SlaveRxCpltCallback)
    HAL_I2C_SlaveTxCpltCallback              0x08001323   Thumb Code     2  stm32f1xx_hal_i2c.o(i.HAL_I2C_SlaveTxCpltCallback)
    HAL_IncTick                              0x08001325   Thumb Code    12  stm32f1xx_hal.o(i.HAL_IncTick)
    HAL_Init                                 0x08001335   Thumb Code    32  stm32f1xx_hal.o(i.HAL_Init)
    HAL_InitTick                             0x08001359   Thumb Code    54  stm32f1xx_hal.o(i.HAL_InitTick)
    HAL_MspInit                              0x08001399   Thumb Code    52  stm32f1xx_hal_msp.o(i.HAL_MspInit)
    HAL_NVIC_EnableIRQ                       0x080013d5   Thumb Code    26  stm32f1xx_hal_cortex.o(i.HAL_NVIC_EnableIRQ)
    HAL_NVIC_SetPriority                     0x080013f1   Thumb Code    60  stm32f1xx_hal_cortex.o(i.HAL_NVIC_SetPriority)
    HAL_NVIC_SetPriorityGrouping             0x08001431   Thumb Code    26  stm32f1xx_hal_cortex.o(i.HAL_NVIC_SetPriorityGrouping)
    HAL_RCC_ClockConfig                      0x08001455   Thumb Code   280  stm32f1xx_hal_rcc.o(i.HAL_RCC_ClockConfig)
    HAL_RCC_GetPCLK1Freq                     0x08001581   Thumb Code    20  stm32f1xx_hal_rcc.o(i.HAL_RCC_GetPCLK1Freq)
    HAL_RCC_GetPCLK2Freq                     0x080015a1   Thumb Code    20  stm32f1xx_hal_rcc.o(i.HAL_RCC_GetPCLK2Freq)
    HAL_RCC_GetSysClockFreq                  0x080015c1   Thumb Code    58  stm32f1xx_hal_rcc.o(i.HAL_RCC_GetSysClockFreq)
    HAL_RCC_OscConfig                        0x0800160d   Thumb Code   778  stm32f1xx_hal_rcc.o(i.HAL_RCC_OscConfig)
    HAL_SYSTICK_Config                       0x0800192d   Thumb Code    40  stm32f1xx_hal_cortex.o(i.HAL_SYSTICK_Config)
    HAL_TIMEx_BreakCallback                  0x08001955   Thumb Code     2  stm32f1xx_hal_tim_ex.o(i.HAL_TIMEx_BreakCallback)
    HAL_TIMEx_CommutCallback                 0x08001957   Thumb Code     2  stm32f1xx_hal_tim_ex.o(i.HAL_TIMEx_CommutCallback)
    HAL_TIMEx_MasterConfigSynchronization    0x08001959   Thumb Code    92  stm32f1xx_hal_tim_ex.o(i.HAL_TIMEx_MasterConfigSynchronization)
    HAL_TIM_Base_Init                        0x080019c1   Thumb Code    90  stm32f1xx_hal_tim.o(i.HAL_TIM_Base_Init)
    HAL_TIM_Base_MspInit                     0x08001a1d   Thumb Code    30  tim.o(i.HAL_TIM_Base_MspInit)
    HAL_TIM_ConfigClockSource                0x08001a45   Thumb Code   220  stm32f1xx_hal_tim.o(i.HAL_TIM_ConfigClockSource)
    HAL_TIM_IC_CaptureCallback               0x08001b21   Thumb Code     2  stm32f1xx_hal_tim.o(i.HAL_TIM_IC_CaptureCallback)
    HAL_TIM_IRQHandler                       0x08001b23   Thumb Code   304  stm32f1xx_hal_tim.o(i.HAL_TIM_IRQHandler)
    HAL_TIM_MspPostInit                      0x08001c55   Thumb Code    62  tim.o(i.HAL_TIM_MspPostInit)
    HAL_TIM_OC_DelayElapsedCallback          0x08001ca1   Thumb Code     2  stm32f1xx_hal_tim.o(i.HAL_TIM_OC_DelayElapsedCallback)
    HAL_TIM_PWM_ConfigChannel                0x08001ca3   Thumb Code   204  stm32f1xx_hal_tim.o(i.HAL_TIM_PWM_ConfigChannel)
    HAL_TIM_PWM_Init                         0x08001d6f   Thumb Code    90  stm32f1xx_hal_tim.o(i.HAL_TIM_PWM_Init)
    HAL_TIM_PWM_MspInit                      0x08001dc9   Thumb Code    50  tim.o(i.HAL_TIM_PWM_MspInit)
    HAL_TIM_PWM_PulseFinishedCallback        0x08001e05   Thumb Code     2  stm32f1xx_hal_tim.o(i.HAL_TIM_PWM_PulseFinishedCallback)
    HAL_TIM_PWM_Start                        0x08001e09   Thumb Code   144  stm32f1xx_hal_tim.o(i.HAL_TIM_PWM_Start)
    HAL_TIM_PeriodElapsedCallback            0x08001ea5   Thumb Code     2  stm32f1xx_hal_tim.o(i.HAL_TIM_PeriodElapsedCallback)
    HAL_TIM_TriggerCallback                  0x08001ea7   Thumb Code     2  stm32f1xx_hal_tim.o(i.HAL_TIM_TriggerCallback)
    HAL_UARTEx_ReceiveToIdle_DMA             0x08001ea9   Thumb Code    74  stm32f1xx_hal_uart.o(i.HAL_UARTEx_ReceiveToIdle_DMA)
    HAL_UARTEx_RxEventCallback               0x08001ef5   Thumb Code    32  main.o(i.HAL_UARTEx_RxEventCallback)
    HAL_UART_DMAStop                         0x08001f21   Thumb Code   112  stm32f1xx_hal_uart.o(i.HAL_UART_DMAStop)
    HAL_UART_ErrorCallback                   0x08001f91   Thumb Code     2  stm32f1xx_hal_uart.o(i.HAL_UART_ErrorCallback)
    HAL_UART_IRQHandler                      0x08001f95   Thumb Code   616  stm32f1xx_hal_uart.o(i.HAL_UART_IRQHandler)
    HAL_UART_Init                            0x08002201   Thumb Code   100  stm32f1xx_hal_uart.o(i.HAL_UART_Init)
    HAL_UART_MspInit                         0x08002265   Thumb Code   370  usart.o(i.HAL_UART_MspInit)
    HAL_UART_RxCpltCallback                  0x080023f1   Thumb Code     2  stm32f1xx_hal_uart.o(i.HAL_UART_RxCpltCallback)
    HAL_UART_RxHalfCpltCallback              0x080023f3   Thumb Code     2  stm32f1xx_hal_uart.o(i.HAL_UART_RxHalfCpltCallback)
    HAL_UART_Transmit                        0x080023f5   Thumb Code   160  stm32f1xx_hal_uart.o(i.HAL_UART_Transmit)
    HAL_UART_TxCpltCallback                  0x08002495   Thumb Code     2  stm32f1xx_hal_uart.o(i.HAL_UART_TxCpltCallback)
    HTS221_Init                              0x08002499   Thumb Code   200  main.o(i.HTS221_Init)
    HTS221_Read                              0x08002569   Thumb Code   220  main.o(i.HTS221_Read)
    HardFault_Handler                        0x08002651   Thumb Code     2  stm32f1xx_it.o(i.HardFault_Handler)
    I2C1_ER_IRQHandler                       0x08002655   Thumb Code     6  stm32f1xx_it.o(i.I2C1_ER_IRQHandler)
    I2C1_EV_IRQHandler                       0x08002661   Thumb Code     6  stm32f1xx_it.o(i.I2C1_EV_IRQHandler)
    Key1_Pressed                             0x08003499   Thumb Code    52  main.o(i.Key1_Pressed)
    MX_DMA_Init                              0x080034d5   Thumb Code    88  dma.o(i.MX_DMA_Init)
    MX_GPIO_Init                             0x08003531   Thumb Code   136  gpio.o(i.MX_GPIO_Init)
    MX_I2C1_Init                             0x080035c5   Thumb Code    50  i2c.o(i.MX_I2C1_Init)
    MX_TIM1_Init                             0x08003605   Thumb Code    96  tim.o(i.MX_TIM1_Init)
    MX_TIM3_Init                             0x0800366d   Thumb Code   122  tim.o(i.MX_TIM3_Init)
    MX_USART1_UART_Init                      0x080036f1   Thumb Code    48  usart.o(i.MX_USART1_UART_Init)
    MX_USART2_UART_Init                      0x08003729   Thumb Code    48  usart.o(i.MX_USART2_UART_Init)
    MemManage_Handler                        0x08003761   Thumb Code     2  stm32f1xx_it.o(i.MemManage_Handler)
    Motor_Set                                0x08003765   Thumb Code    50  main.o(i.Motor_Set)
    NMI_Handler                              0x080037a1   Thumb Code     2  stm32f1xx_it.o(i.NMI_Handler)
    PendSV_Handler                           0x080037a3   Thumb Code     2  stm32f1xx_it.o(i.PendSV_Handler)
    RGB_SetColor                             0x080037a5   Thumb Code    68  main.o(i.RGB_SetColor)
    SVC_Handler                              0x080037f1   Thumb Code     2  stm32f1xx_it.o(i.SVC_Handler)
    Send_DeviceState                         0x080037f5   Thumb Code    66  main.o(i.Send_DeviceState)
    Send_SensorData                          0x08003849   Thumb Code    96  main.o(i.Send_SensorData)
    SysTick_Handler                          0x080038bd   Thumb Code     4  stm32f1xx_it.o(i.SysTick_Handler)
    SystemClock_Config                       0x080038c1   Thumb Code    94  main.o(i.SystemClock_Config)
    SystemInit                               0x0800391f   Thumb Code     2  system_stm32f1xx.o(i.SystemInit)
    TIM3_IRQHandler                          0x08003921   Thumb Code     6  stm32f1xx_it.o(i.TIM3_IRQHandler)
    TIM_Base_SetConfig                       0x0800392d   Thumb Code   108  stm32f1xx_hal_tim.o(i.TIM_Base_SetConfig)
    TIM_CCxChannelCmd                        0x080039a5   Thumb Code    26  stm32f1xx_hal_tim.o(i.TIM_CCxChannelCmd)
    TIM_ETR_SetConfig                        0x080039bf   Thumb Code    20  stm32f1xx_hal_tim.o(i.TIM_ETR_SetConfig)
    TIM_OC2_SetConfig                        0x08003a35   Thumb Code    84  stm32f1xx_hal_tim.o(i.TIM_OC2_SetConfig)
    UART2_ProcessProtocol                    0x08003b71   Thumb Code   270  main.o(i.UART2_ProcessProtocol)
    UART2_RxStart                            0x08003c91   Thumb Code    10  main.o(i.UART2_RxStart)
    UART_Start_Receive_DMA                   0x08003f89   Thumb Code   130  stm32f1xx_hal_uart.o(i.UART_Start_Receive_DMA)
    USART1_IRQHandler                        0x0800408d   Thumb Code     6  stm32f1xx_it.o(i.USART1_IRQHandler)
    USART2_IRQHandler                        0x08004099   Thumb Code     6  stm32f1xx_it.o(i.USART2_IRQHandler)
    UsageFault_Handler                       0x080040a5   Thumb Code     2  stm32f1xx_it.o(i.UsageFault_Handler)
    main                                     0x080040c9   Thumb Code   392  main.o(i.main)
    __aeabi_fadd                             0x08004275   Thumb Code     0  faddsub_clz.o(x$fpl$fadd)
    _fadd                                    0x08004275   Thumb Code   196  faddsub_clz.o(x$fpl$fadd)
    __aeabi_fdiv                             0x08004339   Thumb Code     0  fdiv.o(x$fpl$fdiv)
    _fdiv                                    0x08004339   Thumb Code   384  fdiv.o(x$fpl$fdiv)
    __aeabi_f2iz                             0x080044bd   Thumb Code     0  ffix.o(x$fpl$ffix)
    _ffix                                    0x080044bd   Thumb Code    54  ffix.o(x$fpl$ffix)
    __aeabi_i2f                              0x080044f5   Thumb Code     0  fflt_clz.o(x$fpl$fflt)
    _fflt                                    0x080044f5   Thumb Code    48  fflt_clz.o(x$fpl$fflt)
    __aeabi_fmul                             0x08004525   Thumb Code     0  fmul.o(x$fpl$fmul)
    _fmul                                    0x08004525   Thumb Code   258  fmul.o(x$fpl$fmul)
    __fpl_fnaninf                            0x08004627   Thumb Code   140  fnaninf.o(x$fpl$fnaninf)
    __fpl_fretinf                            0x080046b3   Thumb Code    10  fretinf.o(x$fpl$fretinf)
    __aeabi_fsub                             0x080046bd   Thumb Code     0  faddsub_clz.o(x$fpl$fsub)
    _fsub                                    0x080046bd   Thumb Code   234  faddsub_clz.o(x$fpl$fsub)
    __I$use$fp                               0x080047a6   Number         0  usenofp.o(x$fpl$usenofp)
    AHBPrescTable                            0x080047b8   Data          16  system_stm32f1xx.o(.constdata)
    APBPrescTable                            0x080047c8   Data           8  system_stm32f1xx.o(.constdata)
    Region$$Table$$Base                      0x080047d0   Number         0  anon$$obj.o(Region$$Table)
    Region$$Table$$Limit                     0x080047f0   Number         0  anon$$obj.o(Region$$Table)
    rx_done                                  0x20000000   Data           1  main.o(.data)
    bc28_rx_done                             0x20000001   Data           1  main.o(.data)
    motor_state                              0x20000002   Data           1  main.o(.data)
    motor_speed                              0x20000003   Data           1  main.o(.data)
    rgb_color_idx                            0x20000004   Data           1  main.o(.data)
    key1_last                                0x20000005   Data           1  main.o(.data)
    rx_len                                   0x20000006   Data           2  main.o(.data)
    parse_len                                0x20000008   Data           2  main.o(.data)
    bc28_rx_len                              0x2000000a   Data           2  main.o(.data)
    T0_out                                   0x2000000c   Data           2  main.o(.data)
    T1_out                                   0x2000000e   Data           2  main.o(.data)
    T0_degC                                  0x20000010   Data           2  main.o(.data)
    T1_degC                                  0x20000012   Data           2  main.o(.data)
    H0_out                                   0x20000014   Data           2  main.o(.data)
    H1_out                                   0x20000016   Data           2  main.o(.data)
    H0_rh                                    0x20000018   Data           2  main.o(.data)
    H1_rh                                    0x2000001a   Data           2  main.o(.data)
    last_upload_time                         0x2000001c   Data           4  main.o(.data)
    pa1_exti_time                            0x20000020   Data           4  main.o(.data)
    key2_exti_time                           0x20000024   Data           4  main.o(.data)
    key1_time                                0x20000028   Data           4  main.o(.data)
    uwTickFreq                               0x2000002c   Data           1  stm32f1xx_hal.o(.data)
    uwTickPrio                               0x20000030   Data           4  stm32f1xx_hal.o(.data)
    uwTick                                   0x20000034   Data           4  stm32f1xx_hal.o(.data)
    SystemCoreClock                          0x20000038   Data           4  system_stm32f1xx.o(.data)
    rx_buf                                   0x2000003c   Data         128  main.o(.bss)
    parse_buf                                0x200000bc   Data         256  main.o(.bss)
    bc28_rx_buf                              0x200001bc   Data         256  main.o(.bss)
    hi2c1                                    0x200002bc   Data          84  i2c.o(.bss)
    htim1                                    0x20000310   Data          72  tim.o(.bss)
    htim3                                    0x20000358   Data          72  tim.o(.bss)
    huart1                                   0x200003a0   Data          72  usart.o(.bss)
    huart2                                   0x200003e8   Data          72  usart.o(.bss)
    hdma_usart1_rx                           0x20000430   Data          68  usart.o(.bss)
    hdma_usart1_tx                           0x20000474   Data          68  usart.o(.bss)
    hdma_usart2_rx                           0x200004b8   Data          68  usart.o(.bss)
    hdma_usart2_tx                           0x200004fc   Data          68  usart.o(.bss)
    __libspace_start                         0x20000540   Data          96  libspace.o(.bss)
    __temporary_stack_top$libspace           0x200005a0   Data           0  libspace.o(.bss)



==============================================================================

Memory Map of the image

  Image Entry point : 0x080000ed

  Load Region LR_IROM1 (Base: 0x08000000, Size: 0x0000482c, Max: 0x00010000, ABSOLUTE)

    Execution Region ER_IROM1 (Exec base: 0x08000000, Load base: 0x08000000, Size: 0x000047f0, Max: 0x00010000, ABSOLUTE)

    Exec Addr    Load Addr    Size         Type   Attr      Idx    E Section Name        Object

    0x08000000   0x08000000   0x000000ec   Data   RO            3    RESET               startup_stm32f103xb.o
    0x080000ec   0x080000ec   0x00000008   Code   RO         3433  * !!!main             c_w.l(__main.o)
    0x080000f4   0x080000f4   0x00000034   Code   RO         3621    !!!scatter          c_w.l(__scatter.o)
    0x08000128   0x08000128   0x0000001a   Code   RO         3623    !!handler_copy      c_w.l(__scatter_copy.o)
    0x08000142   0x08000142   0x00000002   PAD
    0x08000144   0x08000144   0x0000001c   Code   RO         3625    !!handler_zi        c_w.l(__scatter_zi.o)
    0x08000160   0x08000160   0x00000002   Code   RO         3491    .ARM.Collect$$libinit$$00000000  c_w.l(libinit.o)
    0x08000162   0x08000162   0x00000000   Code   RO         3498    .ARM.Collect$$libinit$$00000002  c_w.l(libinit2.o)
    0x08000162   0x08000162   0x00000000   Code   RO         3500    .ARM.Collect$$libinit$$00000004  c_w.l(libinit2.o)
    0x08000162   0x08000162   0x00000000   Code   RO         3503    .ARM.Collect$$libinit$$0000000A  c_w.l(libinit2.o)
    0x08000162   0x08000162   0x00000000   Code   RO         3505    .ARM.Collect$$libinit$$0000000C  c_w.l(libinit2.o)
    0x08000162   0x08000162   0x00000000   Code   RO         3507    .ARM.Collect$$libinit$$0000000E  c_w.l(libinit2.o)
    0x08000162   0x08000162   0x00000000   Code   RO         3510    .ARM.Collect$$libinit$$00000011  c_w.l(libinit2.o)
    0x08000162   0x08000162   0x00000000   Code   RO         3512    .ARM.Collect$$libinit$$00000013  c_w.l(libinit2.o)
    0x08000162   0x08000162   0x00000000   Code   RO         3514    .ARM.Collect$$libinit$$00000015  c_w.l(libinit2.o)
    0x08000162   0x08000162   0x00000000   Code   RO         3516    .ARM.Collect$$libinit$$00000017  c_w.l(libinit2.o)
    0x08000162   0x08000162   0x00000000   Code   RO         3518    .ARM.Collect$$libinit$$00000019  c_w.l(libinit2.o)
    0x08000162   0x08000162   0x00000000   Code   RO         3520    .ARM.Collect$$libinit$$0000001B  c_w.l(libinit2.o)
    0x08000162   0x08000162   0x00000000   Code   RO         3522    .ARM.Collect$$libinit$$0000001D  c_w.l(libinit2.o)
    0x08000162   0x08000162   0x00000000   Code   RO         3524    .ARM.Collect$$libinit$$0000001F  c_w.l(libinit2.o)
    0x08000162   0x08000162   0x00000000   Code   RO         3526    .ARM.Collect$$libinit$$00000021  c_w.l(libinit2.o)
    0x08000162   0x08000162   0x00000000   Code   RO         3528    .ARM.Collect$$libinit$$00000023  c_w.l(libinit2.o)
    0x08000162   0x08000162   0x00000000   Code   RO         3530    .ARM.Collect$$libinit$$00000025  c_w.l(libinit2.o)
    0x08000162   0x08000162   0x00000000   Code   RO         3534    .ARM.Collect$$libinit$$0000002C  c_w.l(libinit2.o)
    0x08000162   0x08000162   0x00000000   Code   RO         3536    .ARM.Collect$$libinit$$0000002E  c_w.l(libinit2.o)
    0x08000162   0x08000162   0x00000000   Code   RO         3538    .ARM.Collect$$libinit$$00000030  c_w.l(libinit2.o)
    0x08000162   0x08000162   0x00000000   Code   RO         3540    .ARM.Collect$$libinit$$00000032  c_w.l(libinit2.o)
    0x08000162   0x08000162   0x00000002   Code   RO         3541    .ARM.Collect$$libinit$$00000033  c_w.l(libinit2.o)
    0x08000164   0x08000164   0x00000002   Code   RO         3561    .ARM.Collect$$libshutdown$$00000000  c_w.l(libshutdown.o)
    0x08000166   0x08000166   0x00000000   Code   RO         3574    .ARM.Collect$$libshutdown$$00000002  c_w.l(libshutdown2.o)
    0x08000166   0x08000166   0x00000000   Code   RO         3576    .ARM.Collect$$libshutdown$$00000004  c_w.l(libshutdown2.o)
    0x08000166   0x08000166   0x00000000   Code   RO         3579    .ARM.Collect$$libshutdown$$00000007  c_w.l(libshutdown2.o)
    0x08000166   0x08000166   0x00000000   Code   RO         3582    .ARM.Collect$$libshutdown$$0000000A  c_w.l(libshutdown2.o)
    0x08000166   0x08000166   0x00000000   Code   RO         3584    .ARM.Collect$$libshutdown$$0000000C  c_w.l(libshutdown2.o)
    0x08000166   0x08000166   0x00000000   Code   RO         3587    .ARM.Collect$$libshutdown$$0000000F  c_w.l(libshutdown2.o)
    0x08000166   0x08000166   0x00000002   Code   RO         3588    .ARM.Collect$$libshutdown$$00000010  c_w.l(libshutdown2.o)
    0x08000168   0x08000168   0x00000000   Code   RO         3457    .ARM.Collect$$rtentry$$00000000  c_w.l(__rtentry.o)
    0x08000168   0x08000168   0x00000000   Code   RO         3468    .ARM.Collect$$rtentry$$00000002  c_w.l(__rtentry2.o)
    0x08000168   0x08000168   0x00000006   Code   RO         3480    .ARM.Collect$$rtentry$$00000004  c_w.l(__rtentry4.o)
    0x0800016e   0x0800016e   0x00000000   Code   RO         3470    .ARM.Collect$$rtentry$$00000009  c_w.l(__rtentry2.o)
    0x0800016e   0x0800016e   0x00000004   Code   RO         3471    .ARM.Collect$$rtentry$$0000000A  c_w.l(__rtentry2.o)
    0x08000172   0x08000172   0x00000000   Code   RO         3473    .ARM.Collect$$rtentry$$0000000C  c_w.l(__rtentry2.o)
    0x08000172   0x08000172   0x00000008   Code   RO         3474    .ARM.Collect$$rtentry$$0000000D  c_w.l(__rtentry2.o)
    0x0800017a   0x0800017a   0x00000002   Code   RO         3495    .ARM.Collect$$rtexit$$00000000  c_w.l(rtexit.o)
    0x0800017c   0x0800017c   0x00000000   Code   RO         3543    .ARM.Collect$$rtexit$$00000002  c_w.l(rtexit2.o)
    0x0800017c   0x0800017c   0x00000004   Code   RO         3544    .ARM.Collect$$rtexit$$00000003  c_w.l(rtexit2.o)
    0x08000180   0x08000180   0x00000006   Code   RO         3545    .ARM.Collect$$rtexit$$00000004  c_w.l(rtexit2.o)
    0x08000186   0x08000186   0x00000002   PAD
    0x08000188   0x08000188   0x00000040   Code   RO            4    .text               startup_stm32f103xb.o
    0x080001c8   0x080001c8   0x0000008a   Code   RO         3425    .text               c_w.l(rt_memcpy_v6.o)
    0x08000252   0x08000252   0x00000084   Code   RO         3427    .text               c_w.l(rt_memmove_v6.o)
    0x080002d6   0x080002d6   0x0000004e   Code   RO         3429    .text               c_w.l(rt_memclr_w.o)
    0x08000324   0x08000324   0x00000006   Code   RO         3431    .text               c_w.l(heapauxi.o)
    0x0800032a   0x0800032a   0x00000064   Code   RO         3458    .text               c_w.l(rt_memcpy_w.o)
    0x0800038e   0x0800038e   0x0000007a   Code   RO         3460    .text               c_w.l(rt_memmove_w.o)
    0x08000408   0x08000408   0x0000004a   Code   RO         3482    .text               c_w.l(sys_stackheap_outer.o)
    0x08000452   0x08000452   0x00000012   Code   RO         3484    .text               c_w.l(exit.o)
    0x08000464   0x08000464   0x00000008   Code   RO         3492    .text               c_w.l(libspace.o)
    0x0800046c   0x0800046c   0x0000000c   Code   RO         3553    .text               c_w.l(sys_exit.o)
    0x08000478   0x08000478   0x00000002   Code   RO         3564    .text               c_w.l(use_no_semi.o)
    0x0800047a   0x0800047a   0x00000000   Code   RO         3566    .text               c_w.l(indicate_semi.o)
    0x0800047a   0x0800047a   0x00000002   Code   RO          446    i.BusFault_Handler  stm32f1xx_it.o
    0x0800047c   0x0800047c   0x0000000c   Code   RO          447    i.DMA1_Channel4_IRQHandler  stm32f1xx_it.o
    0x08000488   0x08000488   0x0000000c   Code   RO          448    i.DMA1_Channel5_IRQHandler  stm32f1xx_it.o
    0x08000494   0x08000494   0x0000000c   Code   RO          449    i.DMA1_Channel6_IRQHandler  stm32f1xx_it.o
    0x080004a0   0x080004a0   0x0000000c   Code   RO          450    i.DMA1_Channel7_IRQHandler  stm32f1xx_it.o
    0x080004ac   0x080004ac   0x0000002a   Code   RO         1453    i.DMA_SetConfig     stm32f1xx_hal_dma.o
    0x080004d6   0x080004d6   0x00000002   Code   RO          451    i.DebugMon_Handler  stm32f1xx_it.o
    0x080004d8   0x080004d8   0x00000006   Code   RO           13    i.EXTI1_IRQHandler  main.o
    0x080004de   0x080004de   0x00000006   Code   RO           14    i.EXTI9_5_IRQHandler  main.o
    0x080004e4   0x080004e4   0x00000004   Code   RO           15    i.Error_Handler     main.o
    0x080004e8   0x080004e8   0x00000046   Code   RO         1454    i.HAL_DMA_Abort     stm32f1xx_hal_dma.o
    0x0800052e   0x0800052e   0x00000002   PAD
    0x08000530   0x08000530   0x00000098   Code   RO         1455    i.HAL_DMA_Abort_IT  stm32f1xx_hal_dma.o
    0x080005c8   0x080005c8   0x00000006   Code   RO         1458    i.HAL_DMA_GetState  stm32f1xx_hal_dma.o
    0x080005ce   0x080005ce   0x00000002   PAD
    0x080005d0   0x080005d0   0x00000154   Code   RO         1459    i.HAL_DMA_IRQHandler  stm32f1xx_hal_dma.o
    0x08000724   0x08000724   0x0000005c   Code   RO         1460    i.HAL_DMA_Init      stm32f1xx_hal_dma.o
    0x08000780   0x08000780   0x00000070   Code   RO         1464    i.HAL_DMA_Start_IT  stm32f1xx_hal_dma.o
    0x080007f0   0x080007f0   0x00000024   Code   RO         1080    i.HAL_Delay         stm32f1xx_hal.o
    0x08000814   0x08000814   0x0000005c   Code   RO           16    i.HAL_GPIO_EXTI_Callback  main.o
    0x08000870   0x08000870   0x00000018   Code   RO         1389    i.HAL_GPIO_EXTI_IRQHandler  stm32f1xx_hal_gpio.o
    0x08000888   0x08000888   0x000001e0   Code   RO         1390    i.HAL_GPIO_Init     stm32f1xx_hal_gpio.o
    0x08000a68   0x08000a68   0x0000000a   Code   RO         1392    i.HAL_GPIO_ReadPin  stm32f1xx_hal_gpio.o
    0x08000a72   0x08000a72   0x0000000a   Code   RO         1394    i.HAL_GPIO_WritePin  stm32f1xx_hal_gpio.o
    0x08000a7c   0x08000a7c   0x0000000c   Code   RO         1084    i.HAL_GetTick       stm32f1xx_hal.o
    0x08000a88   0x08000a88   0x00000002   Code   RO          636    i.HAL_I2C_AbortCpltCallback  stm32f1xx_hal_i2c.o
    0x08000a8a   0x08000a8a   0x00000002   Code   RO          637    i.HAL_I2C_AddrCallback  stm32f1xx_hal_i2c.o
    0x08000a8c   0x08000a8c   0x000000c4   Code   RO          640    i.HAL_I2C_ER_IRQHandler  stm32f1xx_hal_i2c.o
    0x08000b50   0x08000b50   0x00000230   Code   RO          641    i.HAL_I2C_EV_IRQHandler  stm32f1xx_hal_i2c.o
    0x08000d80   0x08000d80   0x00000002   Code   RO          643    i.HAL_I2C_ErrorCallback  stm32f1xx_hal_i2c.o
    0x08000d82   0x08000d82   0x00000002   PAD
    0x08000d84   0x08000d84   0x00000188   Code   RO          647    i.HAL_I2C_Init      stm32f1xx_hal_i2c.o
    0x08000f0c   0x08000f0c   0x00000002   Code   RO          649    i.HAL_I2C_ListenCpltCallback  stm32f1xx_hal_i2c.o
    0x08000f0e   0x08000f0e   0x00000002   Code   RO          650    i.HAL_I2C_MasterRxCpltCallback  stm32f1xx_hal_i2c.o
    0x08000f10   0x08000f10   0x00000002   Code   RO          651    i.HAL_I2C_MasterTxCpltCallback  stm32f1xx_hal_i2c.o
    0x08000f12   0x08000f12   0x00000002   Code   RO          663    i.HAL_I2C_MemRxCpltCallback  stm32f1xx_hal_i2c.o
    0x08000f14   0x08000f14   0x00000002   Code   RO          664    i.HAL_I2C_MemTxCpltCallback  stm32f1xx_hal_i2c.o
    0x08000f16   0x08000f16   0x00000002   PAD
    0x08000f18   0x08000f18   0x0000025c   Code   RO          665    i.HAL_I2C_Mem_Read  stm32f1xx_hal_i2c.o
    0x08001174   0x08001174   0x00000130   Code   RO          668    i.HAL_I2C_Mem_Write  stm32f1xx_hal_i2c.o
    0x080012a4   0x080012a4   0x0000007c   Code   RO          291    i.HAL_I2C_MspInit   i2c.o
    0x08001320   0x08001320   0x00000002   Code   RO          673    i.HAL_I2C_SlaveRxCpltCallback  stm32f1xx_hal_i2c.o
    0x08001322   0x08001322   0x00000002   Code   RO          674    i.HAL_I2C_SlaveTxCpltCallback  stm32f1xx_hal_i2c.o
    0x08001324   0x08001324   0x00000010   Code   RO         1090    i.HAL_IncTick       stm32f1xx_hal.o
    0x08001334   0x08001334   0x00000024   Code   RO         1091    i.HAL_Init          stm32f1xx_hal.o
    0x08001358   0x08001358   0x00000040   Code   RO         1092    i.HAL_InitTick      stm32f1xx_hal.o
    0x08001398   0x08001398   0x0000003c   Code   RO          576    i.HAL_MspInit       stm32f1xx_hal_msp.o
    0x080013d4   0x080013d4   0x0000001a   Code   RO         1550    i.HAL_NVIC_EnableIRQ  stm32f1xx_hal_cortex.o
    0x080013ee   0x080013ee   0x00000002   PAD
    0x080013f0   0x080013f0   0x00000040   Code   RO         1556    i.HAL_NVIC_SetPriority  stm32f1xx_hal_cortex.o
    0x08001430   0x08001430   0x00000024   Code   RO         1557    i.HAL_NVIC_SetPriorityGrouping  stm32f1xx_hal_cortex.o
    0x08001454   0x08001454   0x0000012c   Code   RO         1248    i.HAL_RCC_ClockConfig  stm32f1xx_hal_rcc.o
    0x08001580   0x08001580   0x00000020   Code   RO         1255    i.HAL_RCC_GetPCLK1Freq  stm32f1xx_hal_rcc.o
    0x080015a0   0x080015a0   0x00000020   Code   RO         1256    i.HAL_RCC_GetPCLK2Freq  stm32f1xx_hal_rcc.o
    0x080015c0   0x080015c0   0x0000004c   Code   RO         1257    i.HAL_RCC_GetSysClockFreq  stm32f1xx_hal_rcc.o
    0x0800160c   0x0800160c   0x00000320   Code   RO         1260    i.HAL_RCC_OscConfig  stm32f1xx_hal_rcc.o
    0x0800192c   0x0800192c   0x00000028   Code   RO         1561    i.HAL_SYSTICK_Config  stm32f1xx_hal_cortex.o
    0x08001954   0x08001954   0x00000002   Code   RO         2756    i.HAL_TIMEx_BreakCallback  stm32f1xx_hal_tim_ex.o
    0x08001956   0x08001956   0x00000002   Code   RO         2757    i.HAL_TIMEx_CommutCallback  stm32f1xx_hal_tim_ex.o
    0x08001958   0x08001958   0x00000068   Code   RO         2775    i.HAL_TIMEx_MasterConfigSynchronization  stm32f1xx_hal_tim_ex.o
    0x080019c0   0x080019c0   0x0000005a   Code   RO         2052    i.HAL_TIM_Base_Init  stm32f1xx_hal_tim.o
    0x08001a1a   0x08001a1a   0x00000002   PAD
    0x08001a1c   0x08001a1c   0x00000028   Code   RO          333    i.HAL_TIM_Base_MspInit  tim.o
    0x08001a44   0x08001a44   0x000000dc   Code   RO         2061    i.HAL_TIM_ConfigClockSource  stm32f1xx_hal_tim.o
    0x08001b20   0x08001b20   0x00000002   Code   RO         2086    i.HAL_TIM_IC_CaptureCallback  stm32f1xx_hal_tim.o
    0x08001b22   0x08001b22   0x00000130   Code   RO         2100    i.HAL_TIM_IRQHandler  stm32f1xx_hal_tim.o
    0x08001c52   0x08001c52   0x00000002   PAD
    0x08001c54   0x08001c54   0x0000004c   Code   RO          334    i.HAL_TIM_MspPostInit  tim.o
    0x08001ca0   0x08001ca0   0x00000002   Code   RO         2103    i.HAL_TIM_OC_DelayElapsedCallback  stm32f1xx_hal_tim.o
    0x08001ca2   0x08001ca2   0x000000cc   Code   RO         2124    i.HAL_TIM_PWM_ConfigChannel  stm32f1xx_hal_tim.o
    0x08001d6e   0x08001d6e   0x0000005a   Code   RO         2127    i.HAL_TIM_PWM_Init  stm32f1xx_hal_tim.o
    0x08001dc8   0x08001dc8   0x0000003c   Code   RO          336    i.HAL_TIM_PWM_MspInit  tim.o
    0x08001e04   0x08001e04   0x00000002   Code   RO         2130    i.HAL_TIM_PWM_PulseFinishedCallback  stm32f1xx_hal_tim.o
    0x08001e06   0x08001e06   0x00000002   PAD
    0x08001e08   0x08001e08   0x0000009c   Code   RO         2132    i.HAL_TIM_PWM_Start  stm32f1xx_hal_tim.o
    0x08001ea4   0x08001ea4   0x00000002   Code   RO         2138    i.HAL_TIM_PeriodElapsedCallback  stm32f1xx_hal_tim.o
    0x08001ea6   0x08001ea6   0x00000002   Code   RO         2143    i.HAL_TIM_TriggerCallback  stm32f1xx_hal_tim.o
    0x08001ea8   0x08001ea8   0x0000004a   Code   RO         3033    i.HAL_UARTEx_ReceiveToIdle_DMA  stm32f1xx_hal_uart.o
    0x08001ef2   0x08001ef2   0x00000002   PAD
    0x08001ef4   0x08001ef4   0x0000002c   Code   RO           17    i.HAL_UARTEx_RxEventCallback  main.o
    0x08001f20   0x08001f20   0x00000070   Code   RO         3047    i.HAL_UART_DMAStop  stm32f1xx_hal_uart.o
    0x08001f90   0x08001f90   0x00000002   Code   RO         3049    i.HAL_UART_ErrorCallback  stm32f1xx_hal_uart.o
    0x08001f92   0x08001f92   0x00000002   PAD
    0x08001f94   0x08001f94   0x0000026c   Code   RO         3052    i.HAL_UART_IRQHandler  stm32f1xx_hal_uart.o
    0x08002200   0x08002200   0x00000064   Code   RO         3053    i.HAL_UART_Init     stm32f1xx_hal_uart.o
    0x08002264   0x08002264   0x0000018c   Code   RO          399    i.HAL_UART_MspInit  usart.o
    0x080023f0   0x080023f0   0x00000002   Code   RO         3059    i.HAL_UART_RxCpltCallback  stm32f1xx_hal_uart.o
    0x080023f2   0x080023f2   0x00000002   Code   RO         3060    i.HAL_UART_RxHalfCpltCallback  stm32f1xx_hal_uart.o
    0x080023f4   0x080023f4   0x000000a0   Code   RO         3061    i.HAL_UART_Transmit  stm32f1xx_hal_uart.o
    0x08002494   0x08002494   0x00000002   Code   RO         3064    i.HAL_UART_TxCpltCallback  stm32f1xx_hal_uart.o
    0x08002496   0x08002496   0x00000002   PAD
    0x08002498   0x08002498   0x000000d0   Code   RO           18    i.HTS221_Init       main.o
    0x08002568   0x08002568   0x000000e8   Code   RO           19    i.HTS221_Read       main.o
    0x08002650   0x08002650   0x00000002   Code   RO          452    i.HardFault_Handler  stm32f1xx_it.o
    0x08002652   0x08002652   0x00000002   PAD
    0x08002654   0x08002654   0x0000000c   Code   RO          453    i.I2C1_ER_IRQHandler  stm32f1xx_it.o
    0x08002660   0x08002660   0x0000000c   Code   RO          454    i.I2C1_EV_IRQHandler  stm32f1xx_it.o
    0x0800266c   0x0800266c   0x000000bc   Code   RO          685    i.I2C_DMAAbort      stm32f1xx_hal_i2c.o
    0x08002728   0x08002728   0x00000010   Code   RO          688    i.I2C_Flush_DR      stm32f1xx_hal_i2c.o
    0x08002738   0x08002738   0x00000158   Code   RO          689    i.I2C_ITError       stm32f1xx_hal_i2c.o
    0x08002890   0x08002890   0x0000002e   Code   RO          690    i.I2C_IsAcknowledgeFailed  stm32f1xx_hal_i2c.o
    0x080028be   0x080028be   0x000000da   Code   RO          691    i.I2C_MasterReceive_BTF  stm32f1xx_hal_i2c.o
    0x08002998   0x08002998   0x000000f4   Code   RO          692    i.I2C_MasterReceive_RXNE  stm32f1xx_hal_i2c.o
    0x08002a8c   0x08002a8c   0x00000082   Code   RO          695    i.I2C_MasterTransmit_BTF  stm32f1xx_hal_i2c.o
    0x08002b0e   0x08002b0e   0x00000002   PAD
    0x08002b10   0x08002b10   0x000000b6   Code   RO          696    i.I2C_MasterTransmit_TXE  stm32f1xx_hal_i2c.o
    0x08002bc6   0x08002bc6   0x00000002   PAD
    0x08002bc8   0x08002bc8   0x00000158   Code   RO          697    i.I2C_Master_ADDR   stm32f1xx_hal_i2c.o
    0x08002d20   0x08002d20   0x0000008c   Code   RO          698    i.I2C_Master_SB     stm32f1xx_hal_i2c.o
    0x08002dac   0x08002dac   0x000000a8   Code   RO          699    i.I2C_MemoryTransmit_TXE_BTF  stm32f1xx_hal_i2c.o
    0x08002e54   0x08002e54   0x000000fc   Code   RO          700    i.I2C_RequestMemoryRead  stm32f1xx_hal_i2c.o
    0x08002f50   0x08002f50   0x000000a8   Code   RO          701    i.I2C_RequestMemoryWrite  stm32f1xx_hal_i2c.o
    0x08002ff8   0x08002ff8   0x00000046   Code   RO          702    i.I2C_Slave_ADDR    stm32f1xx_hal_i2c.o
    0x0800303e   0x0800303e   0x00000002   PAD
    0x08003040   0x08003040   0x00000090   Code   RO          703    i.I2C_Slave_AF      stm32f1xx_hal_i2c.o
    0x080030d0   0x080030d0   0x0000015c   Code   RO          704    i.I2C_Slave_STOPF   stm32f1xx_hal_i2c.o
    0x0800322c   0x0800322c   0x00000056   Code   RO          705    i.I2C_WaitOnBTFFlagUntilTimeout  stm32f1xx_hal_i2c.o
    0x08003282   0x08003282   0x00000002   PAD
    0x08003284   0x08003284   0x00000090   Code   RO          706    i.I2C_WaitOnFlagUntilTimeout  stm32f1xx_hal_i2c.o
    0x08003314   0x08003314   0x000000bc   Code   RO          707    i.I2C_WaitOnMasterAddressFlagUntilTimeout  stm32f1xx_hal_i2c.o
    0x080033d0   0x080033d0   0x00000070   Code   RO          708    i.I2C_WaitOnRXNEFlagUntilTimeout  stm32f1xx_hal_i2c.o
    0x08003440   0x08003440   0x00000056   Code   RO          709    i.I2C_WaitOnTXEFlagUntilTimeout  stm32f1xx_hal_i2c.o
    0x08003496   0x08003496   0x00000002   PAD
    0x08003498   0x08003498   0x0000003c   Code   RO           20    i.Key1_Pressed      main.o
    0x080034d4   0x080034d4   0x0000005c   Code   RO          266    i.MX_DMA_Init       dma.o
    0x08003530   0x08003530   0x00000094   Code   RO          242    i.MX_GPIO_Init      gpio.o
    0x080035c4   0x080035c4   0x00000040   Code   RO          292    i.MX_I2C1_Init      i2c.o
    0x08003604   0x08003604   0x00000068   Code   RO          337    i.MX_TIM1_Init      tim.o
    0x0800366c   0x0800366c   0x00000084   Code   RO          338    i.MX_TIM3_Init      tim.o
    0x080036f0   0x080036f0   0x00000038   Code   RO          400    i.MX_USART1_UART_Init  usart.o
    0x08003728   0x08003728   0x00000038   Code   RO          401    i.MX_USART2_UART_Init  usart.o
    0x08003760   0x08003760   0x00000002   Code   RO          455    i.MemManage_Handler  stm32f1xx_it.o
    0x08003762   0x08003762   0x00000002   PAD
    0x08003764   0x08003764   0x0000003c   Code   RO           21    i.Motor_Set         main.o
    0x080037a0   0x080037a0   0x00000002   Code   RO          456    i.NMI_Handler       stm32f1xx_it.o
    0x080037a2   0x080037a2   0x00000002   Code   RO          457    i.PendSV_Handler    stm32f1xx_it.o
    0x080037a4   0x080037a4   0x0000004c   Code   RO           22    i.RGB_SetColor      main.o
    0x080037f0   0x080037f0   0x00000002   Code   RO          458    i.SVC_Handler       stm32f1xx_it.o
    0x080037f2   0x080037f2   0x00000002   PAD
    0x080037f4   0x080037f4   0x00000054   Code   RO           23    i.Send_DeviceState  main.o
    0x08003848   0x08003848   0x00000074   Code   RO           24    i.Send_SensorData   main.o
    0x080038bc   0x080038bc   0x00000004   Code   RO          459    i.SysTick_Handler   stm32f1xx_it.o
    0x080038c0   0x080038c0   0x0000005e   Code   RO           25    i.SystemClock_Config  main.o
    0x0800391e   0x0800391e   0x00000002   Code   RO         3387    i.SystemInit        system_stm32f1xx.o
    0x08003920   0x08003920   0x0000000c   Code   RO          460    i.TIM3_IRQHandler   stm32f1xx_it.o
    0x0800392c   0x0800392c   0x00000078   Code   RO         2145    i.TIM_Base_SetConfig  stm32f1xx_hal_tim.o
    0x080039a4   0x080039a4   0x0000001a   Code   RO         2146    i.TIM_CCxChannelCmd  stm32f1xx_hal_tim.o
    0x080039be   0x080039be   0x00000014   Code   RO         2156    i.TIM_ETR_SetConfig  stm32f1xx_hal_tim.o
    0x080039d2   0x080039d2   0x00000010   Code   RO         2157    i.TIM_ITRx_SetConfig  stm32f1xx_hal_tim.o
    0x080039e2   0x080039e2   0x00000002   PAD
    0x080039e4   0x080039e4   0x00000050   Code   RO         2158    i.TIM_OC1_SetConfig  stm32f1xx_hal_tim.o
    0x08003a34   0x08003a34   0x00000058   Code   RO         2159    i.TIM_OC2_SetConfig  stm32f1xx_hal_tim.o
    0x08003a8c   0x08003a8c   0x00000058   Code   RO         2160    i.TIM_OC3_SetConfig  stm32f1xx_hal_tim.o
    0x08003ae4   0x08003ae4   0x00000044   Code   RO         2161    i.TIM_OC4_SetConfig  stm32f1xx_hal_tim.o
    0x08003b28   0x08003b28   0x00000022   Code   RO         2163    i.TIM_TI1_ConfigInputStage  stm32f1xx_hal_tim.o
    0x08003b4a   0x08003b4a   0x00000024   Code   RO         2165    i.TIM_TI2_ConfigInputStage  stm32f1xx_hal_tim.o
    0x08003b6e   0x08003b6e   0x00000002   PAD
    0x08003b70   0x08003b70   0x00000120   Code   RO           26    i.UART2_ProcessProtocol  main.o
    0x08003c90   0x08003c90   0x00000014   Code   RO           27    i.UART2_RxStart     main.o
    0x08003ca4   0x08003ca4   0x00000010   Code   RO         3066    i.UART_DMAAbortOnError  stm32f1xx_hal_uart.o
    0x08003cb4   0x08003cb4   0x0000004a   Code   RO         3067    i.UART_DMAError     stm32f1xx_hal_uart.o
    0x08003cfe   0x08003cfe   0x00000086   Code   RO         3068    i.UART_DMAReceiveCplt  stm32f1xx_hal_uart.o
    0x08003d84   0x08003d84   0x0000001e   Code   RO         3070    i.UART_DMARxHalfCplt  stm32f1xx_hal_uart.o
    0x08003da2   0x08003da2   0x0000004e   Code   RO         3076    i.UART_EndRxTransfer  stm32f1xx_hal_uart.o
    0x08003df0   0x08003df0   0x0000001c   Code   RO         3077    i.UART_EndTxTransfer  stm32f1xx_hal_uart.o
    0x08003e0c   0x08003e0c   0x000000c2   Code   RO         3078    i.UART_Receive_IT   stm32f1xx_hal_uart.o
    0x08003ece   0x08003ece   0x00000002   PAD
    0x08003ed0   0x08003ed0   0x000000b8   Code   RO         3079    i.UART_SetConfig    stm32f1xx_hal_uart.o
    0x08003f88   0x08003f88   0x00000090   Code   RO         3080    i.UART_Start_Receive_DMA  stm32f1xx_hal_uart.o
    0x08004018   0x08004018   0x00000072   Code   RO         3082    i.UART_WaitOnFlagUntilTimeout  stm32f1xx_hal_uart.o
    0x0800408a   0x0800408a   0x00000002   PAD
    0x0800408c   0x0800408c   0x0000000c   Code   RO          461    i.USART1_IRQHandler  stm32f1xx_it.o
    0x08004098   0x08004098   0x0000000c   Code   RO          462    i.USART2_IRQHandler  stm32f1xx_it.o
    0x080040a4   0x080040a4   0x00000002   Code   RO          463    i.UsageFault_Handler  stm32f1xx_it.o
    0x080040a6   0x080040a6   0x00000020   Code   RO         1563    i.__NVIC_SetPriority  stm32f1xx_hal_cortex.o
    0x080040c6   0x080040c6   0x00000002   PAD
    0x080040c8   0x080040c8   0x000001ac   Code   RO           28    i.main              main.o
    0x08004274   0x08004274   0x000000c4   Code   RO         3435    x$fpl$fadd          fz_ws.l(faddsub_clz.o)
    0x08004338   0x08004338   0x00000184   Code   RO         3442    x$fpl$fdiv          fz_ws.l(fdiv.o)
    0x080044bc   0x080044bc   0x00000036   Code   RO         3445    x$fpl$ffix          fz_ws.l(ffix.o)
    0x080044f2   0x080044f2   0x00000002   PAD
    0x080044f4   0x080044f4   0x00000030   Code   RO         3450    x$fpl$fflt          fz_ws.l(fflt_clz.o)
    0x08004524   0x08004524   0x00000102   Code   RO         3455    x$fpl$fmul          fz_ws.l(fmul.o)
    0x08004626   0x08004626   0x0000008c   Code   RO         3462    x$fpl$fnaninf       fz_ws.l(fnaninf.o)
    0x080046b2   0x080046b2   0x0000000a   Code   RO         3464    x$fpl$fretinf       fz_ws.l(fretinf.o)
    0x080046bc   0x080046bc   0x000000ea   Code   RO         3437    x$fpl$fsub          fz_ws.l(faddsub_clz.o)
    0x080047a6   0x080047a6   0x00000000   Code   RO         3466    x$fpl$usenofp       fz_ws.l(usenofp.o)
    0x080047a6   0x080047a6   0x00000012   Data   RO         1261    .constdata          stm32f1xx_hal_rcc.o
    0x080047b8   0x080047b8   0x00000010   Data   RO         3388    .constdata          system_stm32f1xx.o
    0x080047c8   0x080047c8   0x00000008   Data   RO         3389    .constdata          system_stm32f1xx.o
    0x080047d0   0x080047d0   0x00000020   Data   RO         3619    Region$$Table       anon$$obj.o


    Execution Region RW_IRAM1 (Exec base: 0x20000000, Load base: 0x080047f0, Size: 0x00000ba0, Max: 0x00005000, ABSOLUTE)

    Exec Addr    Load Addr    Size         Type   Attr      Idx    E Section Name        Object

    0x20000000   0x080047f0   0x0000002c   Data   RW           30    .data               main.o
    0x2000002c   0x0800481c   0x0000000c   Data   RW         1098    .data               stm32f1xx_hal.o
    0x20000038   0x08004828   0x00000004   Data   RW         3390    .data               system_stm32f1xx.o
    0x2000003c        -       0x00000280   Zero   RW           29    .bss                main.o
    0x200002bc        -       0x00000054   Zero   RW          293    .bss                i2c.o
    0x20000310        -       0x00000090   Zero   RW          339    .bss                tim.o
    0x200003a0        -       0x000001a0   Zero   RW          402    .bss                usart.o
    0x20000540        -       0x00000060   Zero   RW         3493    .bss                c_w.l(libspace.o)
    0x200005a0        -       0x00000200   Zero   RW            2    HEAP                startup_stm32f103xb.o
    0x200007a0        -       0x00000400   Zero   RW            1    STACK               startup_stm32f103xb.o


==============================================================================

Image component sizes


      Code (inc. data)   RO Data    RW Data    ZI Data      Debug   Object Name

        92          4          0          0          0        726   dma.o
       148         12          0          0          0        907   gpio.o
       188         26          0          0         84       1537   i2c.o
      1818        166          0         44        640     445558   main.o
        64         26        236          0       1536        784   startup_stm32f103xb.o
       164         28          0         12          0       6317   stm32f1xx_hal.o
       198         14          0          0          0      29499   stm32f1xx_hal_cortex.o
       814         36          0          0          0       6013   stm32f1xx_hal_dma.o
       524         40          0          0          0       4430   stm32f1xx_hal_gpio.o
      5694         96          0          0          0      34512   stm32f1xx_hal_i2c.o
        60          8          0          0          0        822   stm32f1xx_hal_msp.o
      1240         84         18          0          0       5480   stm32f1xx_hal_rcc.o
      1650         44          0          0          0      16676   stm32f1xx_hal_tim.o
       108         12          0          0          0       2665   stm32f1xx_hal_tim_ex.o
      2070         24          0          0          0      16084   stm32f1xx_hal_uart.o
       128         54          0          0          0       7354   stm32f1xx_it.o
         2          0         24          4          0       1091   system_stm32f1xx.o
       412         52          0          0        144       3243   tim.o
       508         42          0          0        416       2571   usart.o

    ----------------------------------------------------------------------
     15930        768        310         60       2820     586269   Object Totals
         0          0         32          0          0          0   (incl. Generated)
        48          0          0          0          0          0   (incl. Padding)

    ----------------------------------------------------------------------

      Code (inc. data)   RO Data    RW Data    ZI Data      Debug   Library Member Name

         8          0          0          0          0         68   __main.o
         0          0          0          0          0          0   __rtentry.o
        12          0          0          0          0          0   __rtentry2.o
         6          0          0          0          0          0   __rtentry4.o
        52          8          0          0          0          0   __scatter.o
        26          0          0          0          0          0   __scatter_copy.o
        28          0          0          0          0          0   __scatter_zi.o
        18          0          0          0          0         80   exit.o
         6          0          0          0          0        152   heapauxi.o
         0          0          0          0          0          0   indicate_semi.o
         2          0          0          0          0          0   libinit.o
         2          0          0          0          0          0   libinit2.o
         2          0          0          0          0          0   libshutdown.o
         2          0          0          0          0          0   libshutdown2.o
         8          4          0          0         96         68   libspace.o
        78          0          0          0          0         80   rt_memclr_w.o
       138          0          0          0          0         68   rt_memcpy_v6.o
       100          0          0          0          0         80   rt_memcpy_w.o
       132          0          0          0          0         68   rt_memmove_v6.o
       122          0          0          0          0         80   rt_memmove_w.o
         2          0          0          0          0          0   rtexit.o
        10          0          0          0          0          0   rtexit2.o
        12          4          0          0          0         68   sys_exit.o
        74          0          0          0          0         80   sys_stackheap_outer.o
         2          0          0          0          0         68   use_no_semi.o
       430          8          0          0          0        168   faddsub_clz.o
       388         76          0          0          0         96   fdiv.o
        54          4          0          0          0         84   ffix.o
        48          0          0          0          0         68   fflt_clz.o
       258          4          0          0          0         84   fmul.o
       140          4          0          0          0         84   fnaninf.o
        10          0          0          0          0         68   fretinf.o
         0          0          0          0          0          0   usenofp.o

    ----------------------------------------------------------------------
      2176        112          0          0         96       1612   Library Totals
         6          0          0          0          0          0   (incl. Padding)

    ----------------------------------------------------------------------

      Code (inc. data)   RO Data    RW Data    ZI Data      Debug   Library Name

       842         16          0          0         96        960   c_w.l
      1328         96          0          0          0        652   fz_ws.l

    ----------------------------------------------------------------------
      2176        112          0          0         96       1612   Library Totals

    ----------------------------------------------------------------------

==============================================================================


      Code (inc. data)   RO Data    RW Data    ZI Data      Debug   

     18106        880        310         60       2916     579401   Grand Totals
     18106        880        310         60       2916     579401   ELF Image Totals
     18106        880        310         60          0          0   ROM Totals

==============================================================================

    Total RO  Size (Code + RO Data)                18416 (  17.98kB)
    Total RW  Size (RW Data + ZI Data)              2976 (   2.91kB)
    Total ROM Size (Code + RO Data + RW Data)      18476 (  18.04kB)

==============================================================================

